# nccl-tests version 2.17.6 nccl-headers=21605 nccl-library=21605
# Collective test starting: sendrecv_perf
# nThread 1 nGpus 1 minBytes 1 maxBytes 1048576 step: 1024(bytes) warmup iters: 1 iters: 20 agg iters: 1 validation: 1 graph: 0
#
# Using devices
#  Rank  0 Group  0 Pid  68360 on       n013 device  0 [0000:81:00] NVIDIA A100-PCIE-40GB
#  Rank  1 Group  0 Pid  79797 on       n014 device  0 [0000:81:00] NVIDIA A100-PCIE-40GB
n013:68360:68360 [0] NCCL INFO NCCL_SOCKET_IFNAME set to ibp209s0f0
n013:68360:68360 [0] NCCL INFO Bootstrap : Using ibp209s0f0:10.128.3.13<0>
n013:68360:68360 [0] NCCL INFO NET/Plugin : No plugin found (libnccl-net.so), using internal implementation
n013:68360:68360 [0] NCCL INFO cudaDriverVersion 13010
NCCL version 2.16.5+cuda11.8
n013:68360:68370 [0] NCCL INFO NCCL_IB_HCA set to mlx5_2
n014:79797:79797 [0] NCCL INFO cudaDriverVersion 13010
n013:68360:68370 [0] NCCL INFO NET/IB : Using [0]mlx5_2:1/IB [RO]; OOB ibp209s0f0:10.128.3.13<0>
n013:68360:68370 [0] NCCL INFO Using network IB
n013:68360:68370 [0] NCCL INFO DMA-BUF is available on GPU device 0
n014:79797:79797 [0] NCCL INFO NCCL_SOCKET_IFNAME set to ibp209s0f0
n014:79797:79797 [0] NCCL INFO Bootstrap : Using ibp209s0f0:10.128.3.14<0>
n014:79797:79797 [0] NCCL INFO NET/Plugin : No plugin found (libnccl-net.so), using internal implementation
n014:79797:79806 [0] NCCL INFO NCCL_IB_HCA set to mlx5_2
n014:79797:79806 [0] NCCL INFO NET/IB : Using [0]mlx5_2:1/IB [RO]; OOB ibp209s0f0:10.128.3.14<0>
n014:79797:79806 [0] NCCL INFO Using network IB
n014:79797:79806 [0] NCCL INFO DMA-BUF is available on GPU device 0
n013:68360:68370 [0] NCCL INFO NET/IB : GPU Direct RDMA Enabled for HCA 0 'mlx5_2'
n013:68360:68370 [0] NCCL INFO GPU Direct RDMA Disabled for GPU 81000 / HCA 0 (distance 6 > 4)
n013:68360:68370 [0] NCCL INFO GPU Direct RDMA Disabled for GPU 81000 / HCA 0 (distance 6 > 4)
n013:68360:68370 [0] NCCL INFO === System : maxBw 24.0 totalBw 24.0 ===
n013:68360:68370 [0] NCCL INFO CPU/1 (1/2/-1)
n013:68360:68370 [0] NCCL INFO + PCI[24.0] - GPU/81000 (0)
n013:68360:68370 [0] NCCL INFO + PCI[24.0] - NIC/D1000
n013:68360:68370 [0] NCCL INFO               + NET[25.0] - NET/0 (7a852d0003f6ceb8/1/25.000000)
n013:68360:68370 [0] NCCL INFO ==========================================
n013:68360:68370 [0] NCCL INFO GPU/81000 :GPU/81000 (0/5000.000000/LOC) CPU/1 (1/24.000000/PHB) NET/0 (3/24.000000/PHB) 
n013:68360:68370 [0] NCCL INFO NET/0 :GPU/81000 (3/24.000000/PHB) CPU/1 (2/24.000000/PHB) NET/0 (0/5000.000000/LOC) 
n013:68360:68370 [0] NCCL INFO Pattern 4, crossNic 0, nChannels 1, bw 24.000000/24.000000, type LOC/PHB, sameChannels 1
n013:68360:68370 [0] NCCL INFO  0 : NET/0 GPU/0 NET/0
n013:68360:68370 [0] NCCL INFO Pattern 3, crossNic 0, nChannels 1, bw 48.000000/24.000000, type LOC/PHB, sameChannels 1
n013:68360:68370 [0] NCCL INFO  0 : NET/0 GPU/0 NET/0
n013:68360:68370 [0] NCCL INFO Pattern 3, crossNic 0, nChannels 0, bw 0.000000/0.000000, type LOC/PIX, sameChannels 1
n014:79797:79806 [0] NCCL INFO NET/IB : GPU Direct RDMA Enabled for HCA 0 'mlx5_2'
n014:79797:79806 [0] NCCL INFO GPU Direct RDMA Disabled for GPU 81000 / HCA 0 (distance 6 > 4)
n014:79797:79806 [0] NCCL INFO GPU Direct RDMA Disabled for GPU 81000 / HCA 0 (distance 6 > 4)
n014:79797:79806 [0] NCCL INFO === System : maxBw 24.0 totalBw 24.0 ===
n014:79797:79806 [0] NCCL INFO CPU/1 (1/2/-1)
n014:79797:79806 [0] NCCL INFO + PCI[24.0] - GPU/81000 (1)
n014:79797:79806 [0] NCCL INFO + PCI[24.0] - NIC/D1000
n014:79797:79806 [0] NCCL INFO               + NET[25.0] - NET/0 (5a862d0003f6ceb8/1/25.000000)
n014:79797:79806 [0] NCCL INFO ==========================================
n014:79797:79806 [0] NCCL INFO GPU/81000 :GPU/81000 (0/5000.000000/LOC) CPU/1 (1/24.000000/PHB) NET/0 (3/24.000000/PHB) 
n014:79797:79806 [0] NCCL INFO NET/0 :GPU/81000 (3/24.000000/PHB) CPU/1 (2/24.000000/PHB) NET/0 (0/5000.000000/LOC) 
n013:68360:68370 [0] NCCL INFO Tree 0 : -1 -> 0 -> 1/-1/-1
n013:68360:68370 [0] NCCL INFO Tree 1 : 1 -> 0 -> -1/-1/-1
n013:68360:68370 [0] NCCL INFO Channel 00/02 :    0   1
n013:68360:68370 [0] NCCL INFO Channel 01/02 :    0   1
n013:68360:68370 [0] NCCL INFO Ring 00 : 1 -> 0 -> 1
n013:68360:68370 [0] NCCL INFO Ring 01 : 1 -> 0 -> 1
n013:68360:68370 [0] NCCL INFO Trees [0] 1/-1/-1->0->-1 [1] -1/-1/-1->0->1
n013:68360:68370 [0] NCCL INFO P2P Chunksize set to 131072
n014:79797:79806 [0] NCCL INFO Pattern 4, crossNic 0, nChannels 1, bw 24.000000/24.000000, type LOC/PHB, sameChannels 1
n014:79797:79806 [0] NCCL INFO  0 : NET/0 GPU/1 NET/0
n013:68360:68370 [0] NCCL INFO GPU Direct RDMA Disabled for GPU 81000 / HCA 0 (distance 6 > 4)
n014:79797:79806 [0] NCCL INFO Pattern 3, crossNic 0, nChannels 1, bw 48.000000/24.000000, type LOC/PHB, sameChannels 1
n014:79797:79806 [0] NCCL INFO  0 : NET/0 GPU/1 NET/0
n014:79797:79806 [0] NCCL INFO Pattern 3, crossNic 0, nChannels 0, bw 0.000000/0.000000, type LOC/PIX, sameChannels 1
n014:79797:79806 [0] NCCL INFO Tree 0 : 0 -> 1 -> -1/-1/-1
n014:79797:79806 [0] NCCL INFO Tree 1 : -1 -> 1 -> 0/-1/-1
n014:79797:79806 [0] NCCL INFO Ring 00 : 0 -> 1 -> 0
n014:79797:79806 [0] NCCL INFO Ring 01 : 0 -> 1 -> 0
n014:79797:79806 [0] NCCL INFO Trees [0] -1/-1/-1->1->0 [1] 0/-1/-1->1->-1
n014:79797:79806 [0] NCCL INFO P2P Chunksize set to 131072
n014:79797:79806 [0] NCCL INFO GPU Direct RDMA Disabled for GPU 81000 / HCA 0 (distance 6 > 4)
n013:68360:68370 [0] NCCL INFO Connection to proxy localRank 0 -> connection 0x1554ec000d50
n013:68360:68372 [0] NCCL INFO New proxy recv connection 0 from local rank 0, transport 2
n013:68360:68370 [0] NCCL INFO Channel 00/0 : 1[81000] -> 0[81000] [receive] via NET/IB/0
n013:68360:68370 [0] NCCL INFO GPU Direct RDMA Disabled for GPU 81000 / HCA 0 (distance 6 > 4)
n013:68360:68372 [0] NCCL INFO New proxy recv connection 1 from local rank 0, transport 2
n014:79797:79808 [0] NCCL INFO New proxy recv connection 0 from local rank 0, transport 2
n014:79797:79806 [0] NCCL INFO Connection to proxy localRank 0 -> connection 0x1554ec000ca0
n014:79797:79806 [0] NCCL INFO Channel 00/0 : 0[81000] -> 1[81000] [receive] via NET/IB/0
n014:79797:79806 [0] NCCL INFO GPU Direct RDMA Disabled for GPU 81000 / HCA 0 (distance 6 > 4)
n014:79797:79808 [0] NCCL INFO New proxy recv connection 1 from local rank 0, transport 2
n013:68360:68370 [0] NCCL INFO Connection to proxy localRank 0 -> connection 0x1554ec000d90
n013:68360:68370 [0] NCCL INFO Channel 01/0 : 1[81000] -> 0[81000] [receive] via NET/IB/0
n013:68360:68370 [0] NCCL INFO GPU Direct RDMA Disabled for GPU 81000 / HCA 0 (distance 6 > 4)
n013:68360:68372 [0] NCCL INFO New proxy send connection 2 from local rank 0, transport 2
n014:79797:79806 [0] NCCL INFO Connection to proxy localRank 0 -> connection 0x1554ec000ce0
n014:79797:79806 [0] NCCL INFO Channel 01/0 : 0[81000] -> 1[81000] [receive] via NET/IB/0
n014:79797:79806 [0] NCCL INFO GPU Direct RDMA Disabled for GPU 81000 / HCA 0 (distance 6 > 4)
n014:79797:79808 [0] NCCL INFO New proxy send connection 2 from local rank 0, transport 2
n013:68360:68370 [0] NCCL INFO Connection to proxy localRank 0 -> connection 0x1554ec000dd0
n013:68360:68370 [0] NCCL INFO Channel 00/0 : 0[81000] -> 1[81000] [send] via NET/IB/0
n013:68360:68370 [0] NCCL INFO GPU Direct RDMA Disabled for GPU 81000 / HCA 0 (distance 6 > 4)
n013:68360:68372 [0] NCCL INFO New proxy send connection 3 from local rank 0, transport 2
n014:79797:79806 [0] NCCL INFO Connection to proxy localRank 0 -> connection 0x1554ec000d20
n014:79797:79806 [0] NCCL INFO Channel 00/0 : 1[81000] -> 0[81000] [send] via NET/IB/0
n014:79797:79806 [0] NCCL INFO GPU Direct RDMA Disabled for GPU 81000 / HCA 0 (distance 6 > 4)
n014:79797:79808 [0] NCCL INFO New proxy send connection 3 from local rank 0, transport 2
n013:68360:68370 [0] NCCL INFO Connection to proxy localRank 0 -> connection 0x1554ec000e10
n013:68360:68370 [0] NCCL INFO Channel 01/0 : 0[81000] -> 1[81000] [send] via NET/IB/0
n014:79797:79806 [0] NCCL INFO Connection to proxy localRank 0 -> connection 0x1554ec000d60
n014:79797:79806 [0] NCCL INFO Channel 01/0 : 1[81000] -> 0[81000] [send] via NET/IB/0
n013:68360:68372 [0] NCCL INFO NET/IB: Dev 0 Port 1 qpn 161 mtu 5 LID 37
n014:79797:79808 [0] NCCL INFO NET/IB: Dev 0 Port 1 qpn 239 mtu 5 LID 43
n013:68360:68372 [0] NCCL INFO NET/IB: Dev 0 Port 1 qpn 162 mtu 5 LID 37
n014:79797:79808 [0] NCCL INFO NET/IB: Dev 0 Port 1 qpn 240 mtu 5 LID 43
n013:68360:68370 [0] NCCL INFO Connected all rings
n013:68360:68370 [0] NCCL INFO Connected all trees
n013:68360:68370 [0] NCCL INFO threadThresholds 8/8/64 | 16/8/64 | 512 | 512
n013:68360:68370 [0] NCCL INFO 2 coll channels, 2 p2p channels, 2 p2p channels per peer
n013:68360:68372 [0] NCCL INFO New proxy send connection 4 from local rank 0, transport 2
n013:68360:68370 [0] NCCL INFO Connection to proxy localRank 0 -> connection 0x1554ec000e50
n014:79797:79806 [0] NCCL INFO Connected all rings
n014:79797:79806 [0] NCCL INFO Connected all trees
n014:79797:79806 [0] NCCL INFO threadThresholds 8/8/64 | 16/8/64 | 512 | 512
n014:79797:79806 [0] NCCL INFO 2 coll channels, 2 p2p channels, 2 p2p channels per peer
n014:79797:79808 [0] NCCL INFO New proxy send connection 4 from local rank 0, transport 2
n013:68360:68370 [0] NCCL INFO comm 0x5a36560 rank 0 nranks 2 cudaDev 0 busId 81000 commId 0xb7d12ffd3a4d755c - Init COMPLETE
#
#                                                              out-of-place                       in-place          
#       size         count      type   redop    root     time   algbw   busbw  #wrong     time   algbw   busbw  #wrong 
#        (B)    (elements)                               (us)  (GB/s)  (GB/s)             (us)  (GB/s)  (GB/s)         
n014:79797:79806 [0] NCCL INFO Connection to proxy localRank 0 -> connection 0x1554ec000da0
n013:68360:68385 [0] NCCL INFO GPU Direct RDMA Disabled for GPU 81000 / HCA 0 (distance 6 > 4)
n014:79797:79806 [0] NCCL INFO comm 0x5a1fdd0 rank 1 nranks 2 cudaDev 0 busId 81000 commId 0xb7d12ffd3a4d755c - Init COMPLETE
n013:68360:68372 [0] NCCL INFO New proxy recv connection 5 from local rank 0, transport 2
n014:79797:79810 [0] NCCL INFO GPU Direct RDMA Disabled for GPU 81000 / HCA 0 (distance 6 > 4)
n014:79797:79808 [0] NCCL INFO New proxy recv connection 5 from local rank 0, transport 2
n013:68360:68385 [0] NCCL INFO Connection to proxy localRank 0 -> connection 0x1554ec000e90
n013:68360:68385 [0] NCCL INFO Channel 00/1 : 1[81000] -> 0[81000] [receive] via NET/IB/0/Shared
n013:68360:68385 [0] NCCL INFO GPU Direct RDMA Disabled for GPU 81000 / HCA 0 (distance 6 > 4)
n013:68360:68372 [0] NCCL INFO New proxy recv connection 6 from local rank 0, transport 2
n014:79797:79810 [0] NCCL INFO Connection to proxy localRank 0 -> connection 0x1554ec000de0
n014:79797:79810 [0] NCCL INFO Channel 00/1 : 0[81000] -> 1[81000] [receive] via NET/IB/0/Shared
n014:79797:79810 [0] NCCL INFO GPU Direct RDMA Disabled for GPU 81000 / HCA 0 (distance 6 > 4)
n014:79797:79808 [0] NCCL INFO New proxy recv connection 6 from local rank 0, transport 2
n013:68360:68385 [0] NCCL INFO Connection to proxy localRank 0 -> connection 0x1554ec000ed0
n013:68360:68385 [0] NCCL INFO Channel 01/1 : 1[81000] -> 0[81000] [receive] via NET/IB/0/Shared
n013:68360:68385 [0] NCCL INFO GPU Direct RDMA Disabled for GPU 81000 / HCA 0 (distance 6 > 4)
n013:68360:68372 [0] NCCL INFO New proxy send connection 7 from local rank 0, transport 2
n014:79797:79810 [0] NCCL INFO Connection to proxy localRank 0 -> connection 0x1554ec000e20
n014:79797:79810 [0] NCCL INFO Channel 01/1 : 0[81000] -> 1[81000] [receive] via NET/IB/0/Shared
n014:79797:79810 [0] NCCL INFO GPU Direct RDMA Disabled for GPU 81000 / HCA 0 (distance 6 > 4)
n014:79797:79808 [0] NCCL INFO New proxy send connection 7 from local rank 0, transport 2
n013:68360:68385 [0] NCCL INFO Connection to proxy localRank 0 -> connection 0x1554ec000f10
n013:68360:68385 [0] NCCL INFO Channel 00/1 : 0[81000] -> 1[81000] [send] via NET/IB/0/Shared
n013:68360:68385 [0] NCCL INFO GPU Direct RDMA Disabled for GPU 81000 / HCA 0 (distance 6 > 4)
n013:68360:68372 [0] NCCL INFO New proxy send connection 8 from local rank 0, transport 2
n014:79797:79810 [0] NCCL INFO Connection to proxy localRank 0 -> connection 0x1554ec000e60
n014:79797:79810 [0] NCCL INFO Channel 00/1 : 1[81000] -> 0[81000] [send] via NET/IB/0/Shared
n014:79797:79810 [0] NCCL INFO GPU Direct RDMA Disabled for GPU 81000 / HCA 0 (distance 6 > 4)
n014:79797:79808 [0] NCCL INFO New proxy send connection 8 from local rank 0, transport 2
n014:79797:79810 [0] NCCL INFO Connection to proxy localRank 0 -> connection 0x1554ec000ea0
n014:79797:79810 [0] NCCL INFO Channel 01/1 : 1[81000] -> 0[81000] [send] via NET/IB/0/Shared
n013:68360:68385 [0] NCCL INFO Connection to proxy localRank 0 -> connection 0x1554ec000f50
n013:68360:68385 [0] NCCL INFO Channel 01/1 : 0[81000] -> 1[81000] [send] via NET/IB/0/Shared
n013:68360:68372 [0] NCCL INFO NET/IB: Dev 0 Port 1 qpn 165 mtu 5 LID 37
n014:79797:79808 [0] NCCL INFO NET/IB: Dev 0 Port 1 qpn 243 mtu 5 LID 43
n013:68360:68372 [0] NCCL INFO NET/IB: Dev 0 Port 1 qpn 166 mtu 5 LID 37
n014:79797:79808 [0] NCCL INFO NET/IB: Dev 0 Port 1 qpn 244 mtu 5 LID 43
           0             0     float     sum      -1    48.87    0.00    0.00       0    41.90    0.00    0.00    N/A
        1024           256     float     sum      -1    34.90    0.03    0.03       0    33.06    0.03    0.03    N/A
        2048           512     float     sum      -1    36.90    0.06    0.06       0    38.60    0.05    0.05    N/A
        3072           768     float     sum      -1    36.84    0.08    0.08       0    39.73    0.08    0.08    N/A
        4096          1024     float     sum      -1    37.48    0.11    0.11       0    37.17    0.11    0.11    N/A
        5120          1280     float     sum      -1    40.97    0.12    0.12       0    40.71    0.13    0.13    N/A
        6144          1536     float     sum      -1    41.79    0.15    0.15       0    41.45    0.15    0.15    N/A
        7168          1792     float     sum      -1    41.00    0.17    0.17       0    48.40    0.15    0.15    N/A
        8192          2048     float     sum      -1    54.18    0.15    0.15       0    51.85    0.16    0.16    N/A
        9216          2304     float     sum      -1    54.88    0.17    0.17       0    59.63    0.15    0.15    N/A
       10240          2560     float     sum      -1    63.70    0.16    0.16       0    55.89    0.18    0.18    N/A
       11264          2816     float     sum      -1    55.62    0.20    0.20       0    57.49    0.20    0.20    N/A
       12288          3072     float     sum      -1    39.82    0.31    0.31       0    46.96    0.26    0.26    N/A
       13312          3328     float     sum      -1    59.45    0.22    0.22       0    62.22    0.21    0.21    N/A
       14336          3584     float     sum      -1    70.69    0.20    0.20       0    60.13    0.24    0.24    N/A
       15360          3840     float     sum      -1    58.90    0.26    0.26       0    57.08    0.27    0.27    N/A
       16384          4096     float     sum      -1    54.38    0.30    0.30       0    51.69    0.32    0.32    N/A
       17408          4352     float     sum      -1    46.84    0.37    0.37       0    45.55    0.38    0.38    N/A
       18432          4608     float     sum      -1    48.61    0.38    0.38       0    46.19    0.40    0.40    N/A
       19456          4864     float     sum      -1    52.23    0.37    0.37       0    48.59    0.40    0.40    N/A
       20480          5120     float     sum      -1    47.99    0.43    0.43       0    52.24    0.39    0.39    N/A
       21504          5376     float     sum      -1    62.28    0.35    0.35       0    61.83    0.35    0.35    N/A
       22528          5632     float     sum      -1    63.00    0.36    0.36       0    62.12    0.36    0.36    N/A
       23552          5888     float     sum      -1    63.91    0.37    0.37       0    57.90    0.41    0.41    N/A
       24576          6144     float     sum      -1    52.92    0.46    0.46       0    62.34    0.39    0.39    N/A
       25600          6400     float     sum      -1    62.93    0.41    0.41       0    61.50    0.42    0.42    N/A
       26624          6656     float     sum      -1    61.89    0.43    0.43       0    57.93    0.46    0.46    N/A
       27648          6912     float     sum      -1    54.42    0.51    0.51       0    50.76    0.54    0.54    N/A
       28672          7168     float     sum      -1    44.01    0.65    0.65       0    42.74    0.67    0.67    N/A
       29696          7424     float     sum      -1    49.22    0.60    0.60       0    43.96    0.68    0.68    N/A
       30720          7680     float     sum      -1    50.41    0.61    0.61       0    48.12    0.64    0.64    N/A
       31744          7936     float     sum      -1    47.61    0.67    0.67       0    46.19    0.69    0.69    N/A
       32768          8192     float     sum      -1    47.37    0.69    0.69       0    47.19    0.69    0.69    N/A
       33792          8448     float     sum      -1    62.15    0.54    0.54       0    65.54    0.52    0.52    N/A
       34816          8704     float     sum      -1    66.01    0.53    0.53       0    66.00    0.53    0.53    N/A
       35840          8960     float     sum      -1    65.50    0.55    0.55       0    56.54    0.63    0.63    N/A
       36864          9216     float     sum      -1    62.47    0.59    0.59       0    66.76    0.55    0.55    N/A
       37888          9472     float     sum      -1    67.96    0.56    0.56       0    76.25    0.50    0.50    N/A
       38912          9728     float     sum      -1    65.83    0.59    0.59       0    65.72    0.59    0.59    N/A
       39936          9984     float     sum      -1    56.82    0.70    0.70       0    52.95    0.75    0.75    N/A
       40960         10240     float     sum      -1    56.33    0.73    0.73       0    51.56    0.79    0.79    N/A
       41984         10496     float     sum      -1    59.68    0.70    0.70       0    54.52    0.77    0.77    N/A
       43008         10752     float     sum      -1    57.91    0.74    0.74       0    72.04    0.60    0.60    N/A
       44032         11008     float     sum      -1    69.58    0.63    0.63       0    69.95    0.63    0.63    N/A
       45056         11264     float     sum      -1    69.14    0.65    0.65       0    54.38    0.83    0.83    N/A
       46080         11520     float     sum      -1    72.22    0.64    0.64       0    75.38    0.61    0.61    N/A
       47104         11776     float     sum      -1    69.13    0.68    0.68       0    65.79    0.72    0.72    N/A
       48128         12032     float     sum      -1    63.08    0.76    0.76       0    62.48    0.77    0.77    N/A
       49152         12288     float     sum      -1    53.61    0.92    0.92       0    61.81    0.80    0.80    N/A
       50176         12544     float     sum      -1    52.43    0.96    0.96       0    56.68    0.89    0.89    N/A
       51200         12800     float     sum      -1    56.06    0.91    0.91       0    55.87    0.92    0.92    N/A
       52224         13056     float     sum      -1    55.76    0.94    0.94       0    66.69    0.78    0.78    N/A
       53248         13312     float     sum      -1    74.22    0.72    0.72       0    71.08    0.75    0.75    N/A
       54272         13568     float     sum      -1    71.56    0.76    0.76       0    57.94    0.94    0.94    N/A
       55296         13824     float     sum      -1    68.29    0.81    0.81       0    70.22    0.79    0.79    N/A
       56320         14080     float     sum      -1    71.55    0.79    0.79       0    71.12    0.79    0.79    N/A
       57344         14336     float     sum      -1    66.21    0.87    0.87       0    60.13    0.95    0.95    N/A
       58368         14592     float     sum      -1    58.49    1.00    1.00       0    56.84    1.03    1.03    N/A
       59392         14848     float     sum      -1    61.00    0.97    0.97       0    61.52    0.97    0.97    N/A
       60416         15104     float     sum      -1    72.66    0.83    0.83       0    73.97    0.82    0.82    N/A
       61440         15360     float     sum      -1    77.95    0.79    0.79       0    72.24    0.85    0.85    N/A
       62464         15616     float     sum      -1    60.82    1.03    1.03       0    76.44    0.82    0.82    N/A
       63488         15872     float     sum      -1    74.71    0.85    0.85       0    73.97    0.86    0.86    N/A
       64512         16128     float     sum      -1    71.84    0.90    0.90       0    62.94    1.03    1.03    N/A
       65536         16384     float     sum      -1    59.53    1.10    1.10       0    58.92    1.11    1.11    N/A
       66560         16640     float     sum      -1    79.05    0.84    0.84       0    65.33    1.02    1.02    N/A
       67584         16896     float     sum      -1    67.64    1.00    1.00       0    69.26    0.98    0.98    N/A
       68608         17152     float     sum      -1    80.32    0.85    0.85       0    79.72    0.86    0.86    N/A
       69632         17408     float     sum      -1    79.38    0.88    0.88       0    77.37    0.90    0.90    N/A
       70656         17664     float     sum      -1    82.46    0.86    0.86       0    81.24    0.87    0.87    N/A
       71680         17920     float     sum      -1    85.75    0.84    0.84       0    78.65    0.91    0.91    N/A
       72704         18176     float     sum      -1    72.49    1.00    1.00       0    65.46    1.11    1.11    N/A
       73728         18432     float     sum      -1    64.58    1.14    1.14       0    67.42    1.09    1.09    N/A
       74752         18688     float     sum      -1    70.75    1.06    1.06       0    83.35    0.90    0.90    N/A
       75776         18944     float     sum      -1    85.36    0.89    0.89       0    83.69    0.91    0.91    N/A
       76800         19200     float     sum      -1    70.98    1.08    1.08       0    86.27    0.89    0.89    N/A
       77824         19456     float     sum      -1    87.96    0.88    0.88       0    81.24    0.96    0.96    N/A
       78848         19712     float     sum      -1    78.24    1.01    1.01       0    70.71    1.12    1.12    N/A
       79872         19968     float     sum      -1    66.32    1.20    1.20       0    73.63    1.08    1.08    N/A
       80896         20224     float     sum      -1    72.95    1.11    1.11       0    73.51    1.10    1.10    N/A
       81920         20480     float     sum      -1    87.09    0.94    0.94       0    85.07    0.96    0.96    N/A
       82944         20736     float     sum      -1    88.01    0.94    0.94       0    72.44    1.14    1.14    N/A
       83968         20992     float     sum      -1    87.71    0.96    0.96       0    87.00    0.97    0.97    N/A
       84992         21248     float     sum      -1    82.26    1.03    1.03       0    81.39    1.04    1.04    N/A
       86016         21504     float     sum      -1    70.60    1.22    1.22       0    67.27    1.28    1.28    N/A
       87040         21760     float     sum      -1    75.04    1.16    1.16       0    92.19    0.94    0.94    N/A
       88064         22016     float     sum      -1    90.39    0.97    0.97       0    90.78    0.97    0.97    N/A
       89088         22272     float     sum      -1    74.32    1.20    1.20       0    91.97    0.97    0.97    N/A
       90112         22528     float     sum      -1    90.31    1.00    1.00       0    83.52    1.08    1.08    N/A
       91136         22784     float     sum      -1    81.77    1.11    1.11       0    80.40    1.13    1.13    N/A
       92160         23040     float     sum      -1    77.46    1.19    1.19       0    78.62    1.17    1.17    N/A
       93184         23296     float     sum      -1    82.29    1.13    1.13       0    76.74    1.21    1.21    N/A
       94208         23552     float     sum      -1    71.36    1.32    1.32       0    69.47    1.36    1.36    N/A
       95232         23808     float     sum      -1    73.75    1.29    1.29       0    71.84    1.33    1.33    N/A
       96256         24064     float     sum      -1    73.11    1.32    1.32       0    72.27    1.33    1.33    N/A
       97280         24320     float     sum      -1    73.09    1.33    1.33       0    73.60    1.32    1.32    N/A
       98304         24576     float     sum      -1    70.36    1.40    1.40       0    70.78    1.39    1.39    N/A
       99328         24832     float     sum      -1    75.43    1.32    1.32       0    76.12    1.30    1.30    N/A
      100352         25088     float     sum      -1    76.49    1.31    1.31       0    75.20    1.33    1.33    N/A
      101376         25344     float     sum      -1    75.89    1.34    1.34       0    74.37    1.36    1.36    N/A
      102400         25600     float     sum      -1    75.41    1.36    1.36       0    74.83    1.37    1.37    N/A
      103424         25856     float     sum      -1    77.81    1.33    1.33       0    76.91    1.34    1.34    N/A
      104448         26112     float     sum      -1    88.99    1.17    1.17       0    68.71    1.52    1.52    N/A
      105472         26368     float     sum      -1    70.10    1.50    1.50       0    69.88    1.51    1.51    N/A
      106496         26624     float     sum      -1    68.79    1.55    1.55       0    69.36    1.54    1.54    N/A
      107520         26880     float     sum      -1    70.11    1.53    1.53       0    70.55    1.52    1.52    N/A
      108544         27136     float     sum      -1    70.74    1.53    1.53       0    73.59    1.47    1.47    N/A
      109568         27392     float     sum      -1    71.03    1.54    1.54       0    71.09    1.54    1.54    N/A
      110592         27648     float     sum      -1    70.12    1.58    1.58       0    72.45    1.53    1.53    N/A
      111616         27904     float     sum      -1    73.22    1.52    1.52       0    74.15    1.51    1.51    N/A
      112640         28160     float     sum      -1    73.93    1.52    1.52       0    75.18    1.50    1.50    N/A
      113664         28416     float     sum      -1    74.73    1.52    1.52       0    74.58    1.52    1.52    N/A
      114688         28672     float     sum      -1    73.39    1.56    1.56       0    73.40    1.56    1.56    N/A
      115712         28928     float     sum      -1    75.48    1.53    1.53       0    74.78    1.55    1.55    N/A
      116736         29184     float     sum      -1    75.50    1.55    1.55       0    76.59    1.52    1.52    N/A
      117760         29440     float     sum      -1    75.63    1.56    1.56       0    76.20    1.55    1.55    N/A
      118784         29696     float     sum      -1    75.40    1.58    1.58       0    75.33    1.58    1.58    N/A
      119808         29952     float     sum      -1    76.87    1.56    1.56       0    76.81    1.56    1.56    N/A
      120832         30208     float     sum      -1    77.55    1.56    1.56       0    78.02    1.55    1.55    N/A
      121856         30464     float     sum      -1    77.68    1.57    1.57       0    78.26    1.56    1.56    N/A
      122880         30720     float     sum      -1    76.67    1.60    1.60       0    76.17    1.61    1.61    N/A
      123904         30976     float     sum      -1    77.64    1.60    1.60       0    78.17    1.59    1.59    N/A
      124928         31232     float     sum      -1    78.68    1.59    1.59       0    78.48    1.59    1.59    N/A
      125952         31488     float     sum      -1    79.28    1.59    1.59       0    79.83    1.58    1.58    N/A
      126976         31744     float     sum      -1    77.84    1.63    1.63       0    77.85    1.63    1.63    N/A
      128000         32000     float     sum      -1    79.34    1.61    1.61       0    78.81    1.62    1.62    N/A
      129024         32256     float     sum      -1    80.09    1.61    1.61       0    79.75    1.62    1.62    N/A
      130048         32512     float     sum      -1    81.19    1.60    1.60       0    80.05    1.62    1.62    N/A
      131072         32768     float     sum      -1    84.28    1.56    1.56       0    81.01    1.62    1.62    N/A
      132096         33024     float     sum      -1    80.24    1.65    1.65       0    81.68    1.62    1.62    N/A
      133120         33280     float     sum      -1    78.98    1.69    1.69       0    80.68    1.65    1.65    N/A
      134144         33536     float     sum      -1    80.77    1.66    1.66       0    81.18    1.65    1.65    N/A
      135168         33792     float     sum      -1    81.52    1.66    1.66       0    82.07    1.65    1.65    N/A
      136192         34048     float     sum      -1    81.29    1.68    1.68       0    81.01    1.68    1.68    N/A
      137216         34304     float     sum      -1    96.19    1.43    1.43       0    96.91    1.42    1.42    N/A
      138240         34560     float     sum      -1    95.92    1.44    1.44       0   102.80    1.34    1.34    N/A
      139264         34816     float     sum      -1   106.99    1.30    1.30       0   102.06    1.36    1.36    N/A
      140288         35072     float     sum      -1   100.52    1.40    1.40       0   110.22    1.27    1.27    N/A
      141312         35328     float     sum      -1    95.55    1.48    1.48       0   103.27    1.37    1.37    N/A
      142336         35584     float     sum      -1   111.35    1.28    1.28       0    92.25    1.54    1.54    N/A
      143360         35840     float     sum      -1    91.76    1.56    1.56       0    92.52    1.55    1.55    N/A
      144384         36096     float     sum      -1    91.36    1.58    1.58       0    92.33    1.56    1.56    N/A
      145408         36352     float     sum      -1    93.02    1.56    1.56       0   108.30    1.34    1.34    N/A
      146432         36608     float     sum      -1    86.90    1.69    1.69       0    89.40    1.64    1.64    N/A
      147456         36864     float     sum      -1    86.24    1.71    1.71       0    86.48    1.71    1.71    N/A
      148480         37120     float     sum      -1    87.50    1.70    1.70       0    91.01    1.63    1.63    N/A
      149504         37376     float     sum      -1   236.34    0.63    0.63       0    98.33    1.52    1.52    N/A
      150528         37632     float     sum      -1   113.26    1.33    1.33       0   101.86    1.48    1.48    N/A
      151552         37888     float     sum      -1    96.92    1.56    1.56       0    91.83    1.65    1.65    N/A
      152576         38144     float     sum      -1   153.93    0.99    0.99       0    90.91    1.68    1.68    N/A
      153600         38400     float     sum      -1    91.96    1.67    1.67       0    90.91    1.69    1.69    N/A
      154624         38656     float     sum      -1    93.52    1.65    1.65       0    94.08    1.64    1.64    N/A
      155648         38912     float     sum      -1    91.82    1.70    1.70       0    93.25    1.67    1.67    N/A
      156672         39168     float     sum      -1    91.59    1.71    1.71       0    93.96    1.67    1.67    N/A
      157696         39424     float     sum      -1    93.67    1.68    1.68       0    94.03    1.68    1.68    N/A
      158720         39680     float     sum      -1    96.88    1.64    1.64       0   105.95    1.50    1.50    N/A
      159744         39936     float     sum      -1   153.29    1.04    1.04       0   118.72    1.35    1.35    N/A
      160768         40192     float     sum      -1   119.52    1.35    1.35       0   117.73    1.37    1.37    N/A
      161792         40448     float     sum      -1   113.93    1.42    1.42       0   117.97    1.37    1.37    N/A
      162816         40704     float     sum      -1   218.89    0.74    0.74       0   117.01    1.39    1.39    N/A
      163840         40960     float     sum      -1   118.39    1.38    1.38       0   131.42    1.25    1.25    N/A
      164864         41216     float     sum      -1   130.03    1.27    1.27       0   176.49    0.93    0.93    N/A
      165888         41472     float     sum      -1   126.32    1.31    1.31       0   128.08    1.30    1.30    N/A
      166912         41728     float     sum      -1   138.20    1.21    1.21       0   131.36    1.27    1.27    N/A
      167936         41984     float     sum      -1   134.42    1.25    1.25       0   138.04    1.22    1.22    N/A
      168960         42240     float     sum      -1   116.53    1.45    1.45       0   116.30    1.45    1.45    N/A
      169984         42496     float     sum      -1   124.76    1.36    1.36       0   134.33    1.27    1.27    N/A
      171008         42752     float     sum      -1   222.31    0.77    0.77       0   140.42    1.22    1.22    N/A
      172032         43008     float     sum      -1   261.48    0.66    0.66       0   149.52    1.15    1.15    N/A
      173056         43264     float     sum      -1   164.67    1.05    1.05       0   135.35    1.28    1.28    N/A
      174080         43520     float     sum      -1   119.96    1.45    1.45       0   128.85    1.35    1.35    N/A
      175104         43776     float     sum      -1   119.40    1.47    1.47       0   121.67    1.44    1.44    N/A
      176128         44032     float     sum      -1   135.69    1.30    1.30       0   131.48    1.34    1.34    N/A
      177152         44288     float     sum      -1   193.66    0.91    0.91       0   136.06    1.30    1.30    N/A
      178176         44544     float     sum      -1   133.89    1.33    1.33       0   119.87    1.49    1.49    N/A
      179200         44800     float     sum      -1   134.59    1.33    1.33       0   134.64    1.33    1.33    N/A
      180224         45056     float     sum      -1   117.41    1.54    1.54       0   124.29    1.45    1.45    N/A
      181248         45312     float     sum      -1   210.69    0.86    0.86       0   140.66    1.29    1.29    N/A
      182272         45568     float     sum      -1   172.69    1.06    1.06       0   142.60    1.28    1.28    N/A
      183296         45824     float     sum      -1   167.76    1.09    1.09       0   146.28    1.25    1.25    N/A
      184320         46080     float     sum      -1   142.85    1.29    1.29       0   147.54    1.25    1.25    N/A
      185344         46336     float     sum      -1   144.76    1.28    1.28       0   153.78    1.21    1.21    N/A
      186368         46592     float     sum      -1   145.98    1.28    1.28       0   144.81    1.29    1.29    N/A
      187392         46848     float     sum      -1  19483.6    0.01    0.01       0   137.34    1.36    1.36    N/A
      188416         47104     float     sum      -1   142.92    1.32    1.32       0   134.90    1.40    1.40    N/A
      189440         47360     float     sum      -1  12906.3    0.01    0.01       0   131.65    1.44    1.44    N/A
      190464         47616     float     sum      -1   128.60    1.48    1.48       0   155.47    1.23    1.23    N/A
      191488         47872     float     sum      -1  12853.3    0.01    0.01       0   142.13    1.35    1.35    N/A
      192512         48128     float     sum      -1   143.44    1.34    1.34       0   135.48    1.42    1.42    N/A
      193536         48384     float     sum      -1   141.54    1.37    1.37       0   124.76    1.55    1.55    N/A
      194560         48640     float     sum      -1   145.07    1.34    1.34       0   155.38    1.25    1.25    N/A
      195584         48896     float     sum      -1   130.65    1.50    1.50       0   139.49    1.40    1.40    N/A
      196608         49152     float     sum      -1   144.05    1.36    1.36       0   135.52    1.45    1.45    N/A
      197632         49408     float     sum      -1   137.60    1.44    1.44       0   136.16    1.45    1.45    N/A
      198656         49664     float     sum      -1   167.59    1.19    1.19       0   148.43    1.34    1.34    N/A
      199680         49920     float     sum      -1  12969.5    0.02    0.02       0   149.11    1.34    1.34    N/A
      200704         50176     float     sum      -1   150.30    1.34    1.34       0   144.06    1.39    1.39    N/A
      201728         50432     float     sum      -1   140.77    1.43    1.43       0   145.58    1.39    1.39    N/A
      202752         50688     float     sum      -1   130.20    1.56    1.56       0   132.62    1.53    1.53    N/A
      203776         50944     float     sum      -1   134.23    1.52    1.52       0   141.19    1.44    1.44    N/A
      204800         51200     float     sum      -1   145.97    1.40    1.40       0   146.86    1.39    1.39    N/A
      205824         51456     float     sum      -1   239.32    0.86    0.86       0   150.60    1.37    1.37    N/A
      206848         51712     float     sum      -1   141.93    1.46    1.46       0   150.88    1.37    1.37    N/A
      207872         51968     float     sum      -1   189.54    1.10    1.10       0   138.82    1.50    1.50    N/A
      208896         52224     float     sum      -1   149.88    1.39    1.39       0   145.72    1.43    1.43    N/A
      209920         52480     float     sum      -1   137.53    1.53    1.53       0   156.02    1.35    1.35    N/A
      210944         52736     float     sum      -1   141.35    1.49    1.49       0   137.55    1.53    1.53    N/A
      211968         52992     float     sum      -1   141.58    1.50    1.50       0   142.20    1.49    1.49    N/A
      212992         53248     float     sum      -1   161.14    1.32    1.32       0   186.90    1.14    1.14    N/A
      214016         53504     float     sum      -1   157.65    1.36    1.36       0   166.65    1.28    1.28    N/A
      215040         53760     float     sum      -1   166.33    1.29    1.29       0   171.88    1.25    1.25    N/A
      216064         54016     float     sum      -1   148.22    1.46    1.46       0   151.77    1.42    1.42    N/A
      217088         54272     float     sum      -1   157.55    1.38    1.38       0   175.75    1.24    1.24    N/A
      218112         54528     float     sum      -1   168.44    1.29    1.29       0   175.85    1.24    1.24    N/A
      219136         54784     float     sum      -1   163.84    1.34    1.34       0   161.82    1.35    1.35    N/A
      220160         55040     float     sum      -1   167.46    1.31    1.31       0   158.92    1.39    1.39    N/A
      221184         55296     float     sum      -1   209.17    1.06    1.06       0   158.43    1.40    1.40    N/A
      222208         55552     float     sum      -1   154.13    1.44    1.44       0   217.18    1.02    1.02    N/A
      223232         55808     float     sum      -1   139.47    1.60    1.60       0   139.10    1.60    1.60    N/A
      224256         56064     float     sum      -1   136.82    1.64    1.64       0   323.72    0.69    0.69    N/A
      225280         56320     float     sum      -1   132.79    1.70    1.70       0   137.70    1.64    1.64    N/A
      226304         56576     float     sum      -1   215.67    1.05    1.05       0   129.28    1.75    1.75    N/A
      227328         56832     float     sum      -1   128.54    1.77    1.77       0   128.31    1.77    1.77    N/A
      228352         57088     float     sum      -1   212.32    1.08    1.08       0   129.87    1.76    1.76    N/A
      229376         57344     float     sum      -1   128.91    1.78    1.78       0   128.64    1.78    1.78    N/A
      230400         57600     float     sum      -1   131.47    1.75    1.75       0   134.10    1.72    1.72    N/A
      231424         57856     float     sum      -1   131.54    1.76    1.76       0   134.40    1.72    1.72    N/A
      232448         58112     float     sum      -1   125.05    1.86    1.86       0   122.63    1.90    1.90    N/A
      233472         58368     float     sum      -1   123.05    1.90    1.90       0   123.13    1.90    1.90    N/A
      234496         58624     float     sum      -1   141.77    1.65    1.65       0   163.13    1.44    1.44    N/A
      235520         58880     float     sum      -1   155.34    1.52    1.52       0   157.71    1.49    1.49    N/A
      236544         59136     float     sum      -1   154.18    1.53    1.53       0   156.02    1.52    1.52    N/A
      237568         59392     float     sum      -1   172.54    1.38    1.38       0   160.12    1.48    1.48    N/A
      238592         59648     float     sum      -1   165.92    1.44    1.44       0   175.15    1.36    1.36    N/A
      239616         59904     float     sum      -1  16065.2    0.01    0.01       0   172.12    1.39    1.39    N/A
      240640         60160     float     sum      -1   162.44    1.48    1.48       0   165.47    1.45    1.45    N/A
      241664         60416     float     sum      -1   165.38    1.46    1.46       0   155.41    1.55    1.55    N/A
      242688         60672     float     sum      -1   170.27    1.43    1.43       0   159.35    1.52    1.52    N/A
      243712         60928     float     sum      -1   163.94    1.49    1.49       0   167.71    1.45    1.45    N/A
      244736         61184     float     sum      -1   169.53    1.44    1.44       0   177.44    1.38    1.38    N/A
      245760         61440     float     sum      -1   166.01    1.48    1.48       0   164.67    1.49    1.49    N/A
      246784         61696     float     sum      -1   158.34    1.56    1.56       0   168.79    1.46    1.46    N/A
      247808         61952     float     sum      -1   254.38    0.97    0.97       0   179.31    1.38    1.38    N/A
      248832         62208     float     sum      -1   160.96    1.55    1.55       0   262.14    0.95    0.95    N/A
      249856         62464     float     sum      -1   151.01    1.65    1.65       0   140.28    1.78    1.78    N/A
      250880         62720     float     sum      -1   181.75    1.38    1.38       0   184.14    1.36    1.36    N/A
      251904         62976     float     sum      -1  12894.7    0.02    0.02       0   172.58    1.46    1.46    N/A
      252928         63232     float     sum      -1   171.97    1.47    1.47       0   179.32    1.41    1.41    N/A
      253952         63488     float     sum      -1   175.28    1.45    1.45       0   167.16    1.52    1.52    N/A
      254976         63744     float     sum      -1   174.09    1.46    1.46       0   164.56    1.55    1.55    N/A
      256000         64000     float     sum      -1   165.48    1.55    1.55       0   200.58    1.28    1.28    N/A
      257024         64256     float     sum      -1   177.05    1.45    1.45       0   166.71    1.54    1.54    N/A
      258048         64512     float     sum      -1   141.89    1.82    1.82       0   153.13    1.69    1.69    N/A
      259072         64768     float     sum      -1   180.14    1.44    1.44       0   164.58    1.57    1.57    N/A
      260096         65024     float     sum      -1   163.87    1.59    1.59       0   170.19    1.53    1.53    N/A
      261120         65280     float     sum      -1   170.97    1.53    1.53       0   175.83    1.49    1.49    N/A
      262144         65536     float     sum      -1   266.45    0.98    0.98       0   265.30    0.99    0.99    N/A
      263168         65792     float     sum      -1   385.86    0.68    0.68       0   185.15    1.42    1.42    N/A
      264192         66048     float     sum      -1   180.59    1.46    1.46       0   176.04    1.50    1.50    N/A
      265216         66304     float     sum      -1   178.48    1.49    1.49       0  12984.4    0.02    0.02    N/A
      266240         66560     float     sum      -1   192.56    1.38    1.38       0   184.18    1.45    1.45    N/A
      267264         66816     float     sum      -1   194.91    1.37    1.37       0   203.06    1.32    1.32    N/A
      268288         67072     float     sum      -1   192.44    1.39    1.39       0   196.26    1.37    1.37    N/A
      269312         67328     float     sum      -1   189.28    1.42    1.42       0   194.74    1.38    1.38    N/A
      270336         67584     float     sum      -1   193.28    1.40    1.40       0   185.73    1.46    1.46    N/A
      271360         67840     float     sum      -1  12235.7    0.02    0.02       0   182.53    1.49    1.49    N/A
      272384         68096     float     sum      -1   195.92    1.39    1.39       0   299.03    0.91    0.91    N/A
      273408         68352     float     sum      -1   187.22    1.46    1.46       0  11429.5    0.02    0.02    N/A
      274432         68608     float     sum      -1   192.72    1.42    1.42       0   193.56    1.42    1.42    N/A
      275456         68864     float     sum      -1   339.99    0.81    0.81       0   331.20    0.83    0.83    N/A
      276480         69120     float     sum      -1   202.27    1.37    1.37       0   184.89    1.50    1.50    N/A
      277504         69376     float     sum      -1   196.83    1.41    1.41       0   190.39    1.46    1.46    N/A
      278528         69632     float     sum      -1   191.07    1.46    1.46       0  14562.4    0.02    0.02    N/A
      279552         69888     float     sum      -1   193.72    1.44    1.44       0  12296.5    0.02    0.02    N/A
      280576         70144     float     sum      -1   229.05    1.22    1.22       0  12237.7    0.02    0.02    N/A
      281600         70400     float     sum      -1   203.54    1.38    1.38       0   208.73    1.35    1.35    N/A
      282624         70656     float     sum      -1   205.75    1.37    1.37       0   208.55    1.36    1.36    N/A
      283648         70912     float     sum      -1  11974.4    0.02    0.02       0   838.19    0.34    0.34    N/A
      284672         71168     float     sum      -1  11956.4    0.02    0.02       0   194.37    1.46    1.46    N/A
      285696         71424     float     sum      -1  12069.3    0.02    0.02       0   199.83    1.43    1.43    N/A
      286720         71680     float     sum      -1   369.60    0.78    0.78       0   193.18    1.48    1.48    N/A
      287744         71936     float     sum      -1   202.08    1.42    1.42       0   200.21    1.44    1.44    N/A
      288768         72192     float     sum      -1   196.83    1.47    1.47       0   197.90    1.46    1.46    N/A
      289792         72448     float     sum      -1   206.24    1.41    1.41       0   329.79    0.88    0.88    N/A
      290816         72704     float     sum      -1   204.15    1.42    1.42       0   204.31    1.42    1.42    N/A
      291840         72960     float     sum      -1   205.91    1.42    1.42       0   359.48    0.81    0.81    N/A
      292864         73216     float     sum      -1   220.47    1.33    1.33       0  12332.1    0.02    0.02    N/A
      293888         73472     float     sum      -1   204.42    1.44    1.44       0   195.21    1.51    1.51    N/A
      294912         73728     float     sum      -1   329.30    0.90    0.90       0   199.74    1.48    1.48    N/A
      295936         73984     float     sum      -1   216.16    1.37    1.37       0   198.07    1.49    1.49    N/A
      296960         74240     float     sum      -1   235.85    1.26    1.26       0   208.00    1.43    1.43    N/A
      297984         74496     float     sum      -1   331.98    0.90    0.90       0   231.49    1.29    1.29    N/A
      299008         74752     float     sum      -1   201.23    1.49    1.49       0   169.84    1.76    1.76    N/A
      300032         75008     float     sum      -1   156.89    1.91    1.91       0   246.74    1.22    1.22    N/A
      301056         75264     float     sum      -1   155.24    1.94    1.94       0   158.81    1.90    1.90    N/A
      302080         75520     float     sum      -1   204.62    1.48    1.48       0   164.10    1.84    1.84    N/A
      303104         75776     float     sum      -1  12338.1    0.02    0.02       0   155.23    1.95    1.95    N/A
      304128         76032     float     sum      -1   155.68    1.95    1.95       0   156.95    1.94    1.94    N/A
      305152         76288     float     sum      -1   159.78    1.91    1.91       0   159.93    1.91    1.91    N/A
      306176         76544     float     sum      -1   161.80    1.89    1.89       0   155.99    1.96    1.96    N/A
      307200         76800     float     sum      -1   350.86    0.88    0.88       0   157.67    1.95    1.95    N/A
      308224         77056     float     sum      -1   159.20    1.94    1.94       0   176.42    1.75    1.75    N/A
      309248         77312     float     sum      -1   160.23    1.93    1.93       0   209.32    1.48    1.48    N/A
      310272         77568     float     sum      -1   208.09    1.49    1.49       0   357.81    0.87    0.87    N/A
      311296         77824     float     sum      -1   208.60    1.49    1.49       0   218.65    1.42    1.42    N/A
      312320         78080     float     sum      -1   205.91    1.52    1.52       0  11522.3    0.03    0.03    N/A
      313344         78336     float     sum      -1   201.68    1.55    1.55       0   207.63    1.51    1.51    N/A
      314368         78592     float     sum      -1   214.89    1.46    1.46       0   204.83    1.53    1.53    N/A
      315392         78848     float     sum      -1   207.32    1.52    1.52       0   200.18    1.58    1.58    N/A
      316416         79104     float     sum      -1   211.86    1.49    1.49       0   213.26    1.48    1.48    N/A
      317440         79360     float     sum      -1   201.58    1.57    1.57       0   214.21    1.48    1.48    N/A
