# nccl-tests version 2.17.6 nccl-headers=21605 nccl-library=21605
# Collective test starting: alltoall_perf
# nThread 1 nGpus 1 minBytes 1 maxBytes 1048576 step: 1024(bytes) warmup iters: 1 iters: 20 agg iters: 1 validation: 1 graph: 0
#
# Using devices
#  Rank  0 Group  0 Pid  67808 on       n013 device  0 [0000:81:00] NVIDIA A100-PCIE-40GB
#  Rank  1 Group  0 Pid  79433 on       n014 device  0 [0000:81:00] NVIDIA A100-PCIE-40GB
n013:67808:67808 [0] NCCL INFO NCCL_SOCKET_IFNAME set to ibp209s0f0
n013:67808:67808 [0] NCCL INFO Bootstrap : Using ibp209s0f0:10.128.3.13<0>
n013:67808:67808 [0] NCCL INFO NET/Plugin : No plugin found (libnccl-net.so), using internal implementation
n013:67808:67808 [0] NCCL INFO cudaDriverVersion 13010
NCCL version 2.16.5+cuda11.8
n013:67808:67861 [0] NCCL INFO NCCL_IB_HCA set to mlx5_2
n014:79433:79433 [0] NCCL INFO cudaDriverVersion 13010
n013:67808:67861 [0] NCCL INFO NET/IB : Using [0]mlx5_2:1/IB [RO]; OOB ibp209s0f0:10.128.3.13<0>
n013:67808:67861 [0] NCCL INFO Using network IB
n013:67808:67861 [0] NCCL INFO DMA-BUF is available on GPU device 0
n014:79433:79433 [0] NCCL INFO NCCL_SOCKET_IFNAME set to ibp209s0f0
n014:79433:79433 [0] NCCL INFO Bootstrap : Using ibp209s0f0:10.128.3.14<0>
n014:79433:79433 [0] NCCL INFO NET/Plugin : No plugin found (libnccl-net.so), using internal implementation
n014:79433:79442 [0] NCCL INFO NCCL_IB_HCA set to mlx5_2
n014:79433:79442 [0] NCCL INFO NET/IB : Using [0]mlx5_2:1/IB [RO]; OOB ibp209s0f0:10.128.3.14<0>
n014:79433:79442 [0] NCCL INFO Using network IB
n014:79433:79442 [0] NCCL INFO DMA-BUF is available on GPU device 0
n013:67808:67861 [0] NCCL INFO NET/IB : GPU Direct RDMA Enabled for HCA 0 'mlx5_2'
n013:67808:67861 [0] NCCL INFO GPU Direct RDMA Disabled for GPU 81000 / HCA 0 (distance 6 > 4)
n013:67808:67861 [0] NCCL INFO GPU Direct RDMA Disabled for GPU 81000 / HCA 0 (distance 6 > 4)
n013:67808:67861 [0] NCCL INFO === System : maxBw 24.0 totalBw 24.0 ===
n013:67808:67861 [0] NCCL INFO CPU/1 (1/2/-1)
n013:67808:67861 [0] NCCL INFO + PCI[24.0] - GPU/81000 (0)
n013:67808:67861 [0] NCCL INFO + PCI[24.0] - NIC/D1000
n013:67808:67861 [0] NCCL INFO               + NET[25.0] - NET/0 (7a852d0003f6ceb8/1/25.000000)
n013:67808:67861 [0] NCCL INFO ==========================================
n013:67808:67861 [0] NCCL INFO GPU/81000 :GPU/81000 (0/5000.000000/LOC) CPU/1 (1/24.000000/PHB) NET/0 (3/24.000000/PHB) 
n013:67808:67861 [0] NCCL INFO NET/0 :GPU/81000 (3/24.000000/PHB) CPU/1 (2/24.000000/PHB) NET/0 (0/5000.000000/LOC) 
n013:67808:67861 [0] NCCL INFO Pattern 4, crossNic 0, nChannels 1, bw 24.000000/24.000000, type LOC/PHB, sameChannels 1
n013:67808:67861 [0] NCCL INFO  0 : NET/0 GPU/0 NET/0
n013:67808:67861 [0] NCCL INFO Pattern 3, crossNic 0, nChannels 1, bw 48.000000/24.000000, type LOC/PHB, sameChannels 1
n013:67808:67861 [0] NCCL INFO  0 : NET/0 GPU/0 NET/0
n013:67808:67861 [0] NCCL INFO Pattern 3, crossNic 0, nChannels 0, bw 0.000000/0.000000, type LOC/PIX, sameChannels 1
n014:79433:79442 [0] NCCL INFO NET/IB : GPU Direct RDMA Enabled for HCA 0 'mlx5_2'
n014:79433:79442 [0] NCCL INFO GPU Direct RDMA Disabled for GPU 81000 / HCA 0 (distance 6 > 4)
n014:79433:79442 [0] NCCL INFO GPU Direct RDMA Disabled for GPU 81000 / HCA 0 (distance 6 > 4)
n014:79433:79442 [0] NCCL INFO === System : maxBw 24.0 totalBw 24.0 ===
n014:79433:79442 [0] NCCL INFO CPU/1 (1/2/-1)
n014:79433:79442 [0] NCCL INFO + PCI[24.0] - GPU/81000 (1)
n014:79433:79442 [0] NCCL INFO + PCI[24.0] - NIC/D1000
n014:79433:79442 [0] NCCL INFO               + NET[25.0] - NET/0 (5a862d0003f6ceb8/1/25.000000)
n014:79433:79442 [0] NCCL INFO ==========================================
n014:79433:79442 [0] NCCL INFO GPU/81000 :GPU/81000 (0/5000.000000/LOC) CPU/1 (1/24.000000/PHB) NET/0 (3/24.000000/PHB) 
n014:79433:79442 [0] NCCL INFO NET/0 :GPU/81000 (3/24.000000/PHB) CPU/1 (2/24.000000/PHB) NET/0 (0/5000.000000/LOC) 
n014:79433:79442 [0] NCCL INFO Pattern 4, crossNic 0, nChannels 1, bw 24.000000/24.000000, type LOC/PHB, sameChannels 1
n014:79433:79442 [0] NCCL INFO  0 : NET/0 GPU/1 NET/0
n014:79433:79442 [0] NCCL INFO Pattern 3, crossNic 0, nChannels 1, bw 48.000000/24.000000, type LOC/PHB, sameChannels 1
n014:79433:79442 [0] NCCL INFO  0 : NET/0 GPU/1 NET/0
n014:79433:79442 [0] NCCL INFO Pattern 3, crossNic 0, nChannels 0, bw 0.000000/0.000000, type LOC/PIX, sameChannels 1
n013:67808:67861 [0] NCCL INFO Tree 0 : -1 -> 0 -> 1/-1/-1
n013:67808:67861 [0] NCCL INFO Tree 1 : 1 -> 0 -> -1/-1/-1
n013:67808:67861 [0] NCCL INFO Channel 00/02 :    0   1
n013:67808:67861 [0] NCCL INFO Channel 01/02 :    0   1
n013:67808:67861 [0] NCCL INFO Ring 00 : 1 -> 0 -> 1
n013:67808:67861 [0] NCCL INFO Ring 01 : 1 -> 0 -> 1
n013:67808:67861 [0] NCCL INFO Trees [0] 1/-1/-1->0->-1 [1] -1/-1/-1->0->1
n013:67808:67861 [0] NCCL INFO P2P Chunksize set to 131072
n013:67808:67861 [0] NCCL INFO GPU Direct RDMA Disabled for GPU 81000 / HCA 0 (distance 6 > 4)
n014:79433:79442 [0] NCCL INFO Tree 0 : 0 -> 1 -> -1/-1/-1
n014:79433:79442 [0] NCCL INFO Tree 1 : -1 -> 1 -> 0/-1/-1
n014:79433:79442 [0] NCCL INFO Ring 00 : 0 -> 1 -> 0
n014:79433:79442 [0] NCCL INFO Ring 01 : 0 -> 1 -> 0
n014:79433:79442 [0] NCCL INFO Trees [0] -1/-1/-1->1->0 [1] 0/-1/-1->1->-1
n014:79433:79442 [0] NCCL INFO P2P Chunksize set to 131072
n014:79433:79442 [0] NCCL INFO GPU Direct RDMA Disabled for GPU 81000 / HCA 0 (distance 6 > 4)
n013:67808:67863 [0] NCCL INFO New proxy recv connection 0 from local rank 0, transport 2
n013:67808:67861 [0] NCCL INFO Connection to proxy localRank 0 -> connection 0x1554ec000d50
n013:67808:67861 [0] NCCL INFO Channel 00/0 : 1[81000] -> 0[81000] [receive] via NET/IB/0
n013:67808:67861 [0] NCCL INFO GPU Direct RDMA Disabled for GPU 81000 / HCA 0 (distance 6 > 4)
n013:67808:67863 [0] NCCL INFO New proxy recv connection 1 from local rank 0, transport 2
n014:79433:79442 [0] NCCL INFO Connection to proxy localRank 0 -> connection 0x1554ec000ca0
n014:79433:79444 [0] NCCL INFO New proxy recv connection 0 from local rank 0, transport 2
n014:79433:79442 [0] NCCL INFO Channel 00/0 : 0[81000] -> 1[81000] [receive] via NET/IB/0
n014:79433:79442 [0] NCCL INFO GPU Direct RDMA Disabled for GPU 81000 / HCA 0 (distance 6 > 4)
n014:79433:79444 [0] NCCL INFO New proxy recv connection 1 from local rank 0, transport 2
n013:67808:67861 [0] NCCL INFO Connection to proxy localRank 0 -> connection 0x1554ec000d90
n013:67808:67861 [0] NCCL INFO Channel 01/0 : 1[81000] -> 0[81000] [receive] via NET/IB/0
n013:67808:67861 [0] NCCL INFO GPU Direct RDMA Disabled for GPU 81000 / HCA 0 (distance 6 > 4)
n013:67808:67863 [0] NCCL INFO New proxy send connection 2 from local rank 0, transport 2
n014:79433:79442 [0] NCCL INFO Connection to proxy localRank 0 -> connection 0x1554ec000ce0
n014:79433:79442 [0] NCCL INFO Channel 01/0 : 0[81000] -> 1[81000] [receive] via NET/IB/0
n014:79433:79442 [0] NCCL INFO GPU Direct RDMA Disabled for GPU 81000 / HCA 0 (distance 6 > 4)
n014:79433:79444 [0] NCCL INFO New proxy send connection 2 from local rank 0, transport 2
n013:67808:67861 [0] NCCL INFO Connection to proxy localRank 0 -> connection 0x1554ec000dd0
n013:67808:67861 [0] NCCL INFO Channel 00/0 : 0[81000] -> 1[81000] [send] via NET/IB/0
n013:67808:67861 [0] NCCL INFO GPU Direct RDMA Disabled for GPU 81000 / HCA 0 (distance 6 > 4)
n013:67808:67863 [0] NCCL INFO New proxy send connection 3 from local rank 0, transport 2
n014:79433:79442 [0] NCCL INFO Connection to proxy localRank 0 -> connection 0x1554ec000d20
n014:79433:79442 [0] NCCL INFO Channel 00/0 : 1[81000] -> 0[81000] [send] via NET/IB/0
n014:79433:79442 [0] NCCL INFO GPU Direct RDMA Disabled for GPU 81000 / HCA 0 (distance 6 > 4)
n014:79433:79444 [0] NCCL INFO New proxy send connection 3 from local rank 0, transport 2
n014:79433:79442 [0] NCCL INFO Connection to proxy localRank 0 -> connection 0x1554ec000d60
n013:67808:67861 [0] NCCL INFO Connection to proxy localRank 0 -> connection 0x1554ec000e10
n013:67808:67861 [0] NCCL INFO Channel 01/0 : 0[81000] -> 1[81000] [send] via NET/IB/0
n014:79433:79442 [0] NCCL INFO Channel 01/0 : 1[81000] -> 0[81000] [send] via NET/IB/0
n013:67808:67863 [0] NCCL INFO NET/IB: Dev 0 Port 1 qpn 149 mtu 5 LID 37
n014:79433:79444 [0] NCCL INFO NET/IB: Dev 0 Port 1 qpn 227 mtu 5 LID 43
n013:67808:67863 [0] NCCL INFO NET/IB: Dev 0 Port 1 qpn 150 mtu 5 LID 37
n014:79433:79444 [0] NCCL INFO NET/IB: Dev 0 Port 1 qpn 228 mtu 5 LID 43
n013:67808:67861 [0] NCCL INFO Connected all rings
n013:67808:67861 [0] NCCL INFO Connected all trees
n013:67808:67861 [0] NCCL INFO threadThresholds 8/8/64 | 16/8/64 | 512 | 512
n013:67808:67861 [0] NCCL INFO 2 coll channels, 2 p2p channels, 2 p2p channels per peer
n013:67808:67863 [0] NCCL INFO New proxy send connection 4 from local rank 0, transport 2
n013:67808:67861 [0] NCCL INFO Connection to proxy localRank 0 -> connection 0x1554ec000e50
n014:79433:79442 [0] NCCL INFO Connected all rings
n014:79433:79442 [0] NCCL INFO Connected all trees
n014:79433:79442 [0] NCCL INFO threadThresholds 8/8/64 | 16/8/64 | 512 | 512
n014:79433:79442 [0] NCCL INFO 2 coll channels, 2 p2p channels, 2 p2p channels per peer
n014:79433:79444 [0] NCCL INFO New proxy send connection 4 from local rank 0, transport 2
n013:67808:67861 [0] NCCL INFO comm 0x5a36600 rank 0 nranks 2 cudaDev 0 busId 81000 commId 0xab2e6f6ebb1ac51a - Init COMPLETE
#
#                                                              out-of-place                       in-place          
#       size         count      type   redop    root     time   algbw   busbw  #wrong     time   algbw   busbw  #wrong 
#        (B)    (elements)                               (us)  (GB/s)  (GB/s)             (us)  (GB/s)  (GB/s)         
n014:79433:79442 [0] NCCL INFO Connection to proxy localRank 0 -> connection 0x1554ec000da0
n014:79433:79442 [0] NCCL INFO comm 0x5a1fc70 rank 1 nranks 2 cudaDev 0 busId 81000 commId 0xab2e6f6ebb1ac51a - Init COMPLETE
n013:67808:67865 [0] NCCL INFO GPU Direct RDMA Disabled for GPU 81000 / HCA 0 (distance 6 > 4)
n013:67808:67863 [0] NCCL INFO New proxy recv connection 5 from local rank 0, transport 2
n014:79433:79446 [0] NCCL INFO GPU Direct RDMA Disabled for GPU 81000 / HCA 0 (distance 6 > 4)
n014:79433:79444 [0] NCCL INFO New proxy recv connection 5 from local rank 0, transport 2
n013:67808:67865 [0] NCCL INFO Connection to proxy localRank 0 -> connection 0x1554ec000e90
n013:67808:67865 [0] NCCL INFO Channel 00/1 : 1[81000] -> 0[81000] [receive] via NET/IB/0/Shared
n013:67808:67865 [0] NCCL INFO GPU Direct RDMA Disabled for GPU 81000 / HCA 0 (distance 6 > 4)
n013:67808:67863 [0] NCCL INFO New proxy recv connection 6 from local rank 0, transport 2
n014:79433:79446 [0] NCCL INFO Connection to proxy localRank 0 -> connection 0x1554ec000de0
n014:79433:79446 [0] NCCL INFO Channel 00/1 : 0[81000] -> 1[81000] [receive] via NET/IB/0/Shared
n014:79433:79446 [0] NCCL INFO GPU Direct RDMA Disabled for GPU 81000 / HCA 0 (distance 6 > 4)
n014:79433:79444 [0] NCCL INFO New proxy recv connection 6 from local rank 0, transport 2
n013:67808:67865 [0] NCCL INFO Connection to proxy localRank 0 -> connection 0x1554ec000ed0
n013:67808:67865 [0] NCCL INFO Channel 01/1 : 1[81000] -> 0[81000] [receive] via NET/IB/0/Shared
n013:67808:67865 [0] NCCL INFO GPU Direct RDMA Disabled for GPU 81000 / HCA 0 (distance 6 > 4)
n014:79433:79446 [0] NCCL INFO Connection to proxy localRank 0 -> connection 0x1554ec000e20
n013:67808:67863 [0] NCCL INFO New proxy send connection 7 from local rank 0, transport 2
n014:79433:79446 [0] NCCL INFO Channel 01/1 : 0[81000] -> 1[81000] [receive] via NET/IB/0/Shared
n014:79433:79446 [0] NCCL INFO GPU Direct RDMA Disabled for GPU 81000 / HCA 0 (distance 6 > 4)
n014:79433:79444 [0] NCCL INFO New proxy send connection 7 from local rank 0, transport 2
n014:79433:79446 [0] NCCL INFO Connection to proxy localRank 0 -> connection 0x1554ec000e60
n014:79433:79446 [0] NCCL INFO Channel 00/1 : 1[81000] -> 0[81000] [send] via NET/IB/0/Shared
n014:79433:79446 [0] NCCL INFO GPU Direct RDMA Disabled for GPU 81000 / HCA 0 (distance 6 > 4)
n014:79433:79444 [0] NCCL INFO New proxy send connection 8 from local rank 0, transport 2
n013:67808:67865 [0] NCCL INFO Connection to proxy localRank 0 -> connection 0x1554ec000f10
n013:67808:67865 [0] NCCL INFO Channel 00/1 : 0[81000] -> 1[81000] [send] via NET/IB/0/Shared
n013:67808:67865 [0] NCCL INFO GPU Direct RDMA Disabled for GPU 81000 / HCA 0 (distance 6 > 4)
n013:67808:67863 [0] NCCL INFO New proxy send connection 8 from local rank 0, transport 2
n013:67808:67865 [0] NCCL INFO Connection to proxy localRank 0 -> connection 0x1554ec000f50
n013:67808:67865 [0] NCCL INFO Channel 01/1 : 0[81000] -> 1[81000] [send] via NET/IB/0/Shared
n014:79433:79446 [0] NCCL INFO Connection to proxy localRank 0 -> connection 0x1554ec000ea0
n014:79433:79446 [0] NCCL INFO Channel 01/1 : 1[81000] -> 0[81000] [send] via NET/IB/0/Shared
n013:67808:67863 [0] NCCL INFO NET/IB: Dev 0 Port 1 qpn 153 mtu 5 LID 37
n014:79433:79444 [0] NCCL INFO NET/IB: Dev 0 Port 1 qpn 231 mtu 5 LID 43
n013:67808:67863 [0] NCCL INFO NET/IB: Dev 0 Port 1 qpn 154 mtu 5 LID 37
n014:79433:79444 [0] NCCL INFO NET/IB: Dev 0 Port 1 qpn 232 mtu 5 LID 43
           0             0     float    none      -1    34.17    0.00    0.00       0    29.54    0.00    0.00    N/A
        1024           128     float    none      -1    45.53    0.02    0.01       0    38.41    0.03    0.01    N/A
        2048           256     float    none      -1    37.81    0.05    0.03       0    38.38    0.05    0.03    N/A
        3072           384     float    none      -1    38.14    0.08    0.04       0    37.99    0.08    0.04    N/A
        4096           512     float    none      -1    36.87    0.11    0.06       0    36.97    0.11    0.06    N/A
        5120           640     float    none      -1    37.34    0.14    0.07       0    37.39    0.14    0.07    N/A
        6144           768     float    none      -1    38.49    0.16    0.08       0    39.07    0.16    0.08    N/A
        7168           896     float    none      -1    38.74    0.19    0.09       0    39.19    0.18    0.09    N/A
        8192          1024     float    none      -1    43.77    0.19    0.09       0    39.13    0.21    0.10    N/A
        9216          1152     float    none      -1    42.06    0.22    0.11       0    41.99    0.22    0.11    N/A
       10240          1280     float    none      -1    43.13    0.24    0.12       0    43.85    0.23    0.12    N/A
       11264          1408     float    none      -1    46.84    0.24    0.12       0    48.13    0.23    0.12    N/A
       12288          1536     float    none      -1    52.15    0.24    0.12       0    51.93    0.24    0.12    N/A
       13312          1664     float    none      -1    49.93    0.27    0.13       0    54.23    0.25    0.12    N/A
       14336          1792     float    none      -1    53.42    0.27    0.13       0    54.16    0.26    0.13    N/A
       15360          1920     float    none      -1    53.68    0.29    0.14       0    44.51    0.35    0.17    N/A
       16384          2048     float    none      -1    40.60    0.40    0.20       0    51.17    0.32    0.16    N/A
       17408          2176     float    none      -1    55.69    0.31    0.16       0    55.70    0.31    0.16    N/A
       18432          2304     float    none      -1    56.56    0.33    0.16       0    52.14    0.35    0.18    N/A
       19456          2432     float    none      -1    54.47    0.36    0.18       0    52.27    0.37    0.19    N/A
       20480          2560     float    none      -1    47.25    0.43    0.22       0    47.47    0.43    0.22    N/A
       21504          2688     float    none      -1    46.36    0.46    0.23       0    47.70    0.45    0.23    N/A
       22528          2816     float    none      -1    43.96    0.51    0.26       0    43.85    0.51    0.26    N/A
       23552          2944     float    none      -1    44.58    0.53    0.26       0    47.54    0.50    0.25    N/A
       24576          3072     float    none      -1    43.93    0.56    0.28       0    44.15    0.56    0.28    N/A
       25600          3200     float    none      -1    48.36    0.53    0.26       0    46.63    0.55    0.27    N/A
       26624          3328     float    none      -1    48.05    0.55    0.28       0    47.46    0.56    0.28    N/A
       27648          3456     float    none      -1    49.39    0.56    0.28       0    48.43    0.57    0.29    N/A
       28672          3584     float    none      -1    48.95    0.59    0.29       0    39.64    0.72    0.36    N/A
       29696          3712     float    none      -1    50.94    0.58    0.29       0    51.85    0.57    0.29    N/A
       30720          3840     float    none      -1    49.17    0.62    0.31       0    52.33    0.59    0.29    N/A
       31744          3968     float    none      -1    46.25    0.69    0.34       0    46.63    0.68    0.34    N/A
       32768          4096     float    none      -1    37.90    0.86    0.43       0    38.59    0.85    0.42    N/A
       33792          4224     float    none      -1    41.08    0.82    0.41       0    39.34    0.86    0.43    N/A
       34816          4352     float    none      -1    39.54    0.88    0.44       0    41.42    0.84    0.42    N/A
       35840          4480     float    none      -1    41.98    0.85    0.43       0    40.80    0.88    0.44    N/A
       36864          4608     float    none      -1    40.95    0.90    0.45       0    42.06    0.88    0.44    N/A
       37888          4736     float    none      -1    47.84    0.79    0.40       0    49.26    0.77    0.38    N/A
       38912          4864     float    none      -1    52.94    0.74    0.37       0    50.18    0.78    0.39    N/A
       39936          4992     float    none      -1    51.73    0.77    0.39       0    52.32    0.76    0.38    N/A
       40960          5120     float    none      -1    49.10    0.83    0.42       0    40.23    1.02    0.51    N/A
       41984          5248     float    none      -1    53.80    0.78    0.39       0    52.52    0.80    0.40    N/A
       43008          5376     float    none      -1    50.23    0.86    0.43       0    51.28    0.84    0.42    N/A
       44032          5504     float    none      -1    49.97    0.88    0.44       0    43.04    1.02    0.51    N/A
       45056          5632     float    none      -1    43.47    1.04    0.52       0    41.78    1.08    0.54    N/A
       46080          5760     float    none      -1    41.88    1.10    0.55       0    49.28    0.94    0.47    N/A
       47104          5888     float    none      -1    44.79    1.05    0.53       0    45.51    1.04    0.52    N/A
       48128          6016     float    none      -1    55.41    0.87    0.43       0    52.60    0.91    0.46    N/A
       49152          6144     float    none      -1    53.84    0.91    0.46       0    51.60    0.95    0.48    N/A
       50176          6272     float    none      -1    52.86    0.95    0.47       0    46.03    1.09    0.54    N/A
       51200          6400     float    none      -1    55.91    0.92    0.46       0    54.94    0.93    0.47    N/A
       52224          6528     float    none      -1    52.11    1.00    0.50       0    50.84    1.03    0.51    N/A
       53248          6656     float    none      -1    44.51    1.20    0.60       0    44.23    1.20    0.60    N/A
       54272          6784     float    none      -1    44.97    1.21    0.60       0    42.07    1.29    0.65    N/A
       55296          6912     float    none      -1    47.49    1.16    0.58       0    46.54    1.19    0.59    N/A
       56320          7040     float    none      -1    44.67    1.26    0.63       0    45.43    1.24    0.62    N/A
       57344          7168     float    none      -1    46.92    1.22    0.61       0    52.05    1.10    0.55    N/A
       58368          7296     float    none      -1    56.29    1.04    0.52       0    56.12    1.04    0.52    N/A
       59392          7424     float    none      -1    57.37    1.04    0.52       0    45.72    1.30    0.65    N/A
       60416          7552     float    none      -1    56.90    1.06    0.53       0    56.98    1.06    0.53    N/A
       61440          7680     float    none      -1    55.35    1.11    0.56       0    53.99    1.14    0.57    N/A
       62464          7808     float    none      -1    48.43    1.29    0.64       0    46.21    1.35    0.68    N/A
       63488          7936     float    none      -1    45.04    1.41    0.70       0    44.68    1.42    0.71    N/A
       64512          8064     float    none      -1    48.96    1.32    0.66       0    47.96    1.34    0.67    N/A
       65536          8192     float    none      -1    55.56    1.18    0.59       0    57.83    1.13    0.57    N/A
       66560          8320     float    none      -1    60.88    1.09    0.55       0    58.57    1.14    0.57    N/A
       67584          8448     float    none      -1    62.38    1.08    0.54       0    64.57    1.05    0.52    N/A
       68608          8576     float    none      -1    59.60    1.15    0.58       0    58.54    1.17    0.59    N/A
       69632          8704     float    none      -1    52.89    1.32    0.66       0    52.50    1.33    0.66    N/A
       70656          8832     float    none      -1    49.44    1.43    0.71       0    54.95    1.29    0.64    N/A
       71680          8960     float    none      -1    52.69    1.36    0.68       0    51.78    1.38    0.69    N/A
       72704          9088     float    none      -1    52.84    1.38    0.69       0    58.77    1.24    0.62    N/A
       73728          9216     float    none      -1    63.89    1.15    0.58       0    76.00    0.97    0.49    N/A
       74752          9344     float    none      -1    67.24    1.11    0.56       0    66.16    1.13    0.56    N/A
       75776          9472     float    none      -1    67.38    1.12    0.56       0    67.91    1.12    0.56    N/A
       76800          9600     float    none      -1    65.54    1.17    0.59       0    59.17    1.30    0.65    N/A
       77824          9728     float    none      -1    55.44    1.40    0.70       0    51.41    1.51    0.76    N/A
       78848          9856     float    none      -1    57.39    1.37    0.69       0    55.39    1.42    0.71    N/A
       79872          9984     float    none      -1    67.64    1.18    0.59       0    67.14    1.19    0.59    N/A
       80896         10112     float    none      -1    67.75    1.19    0.60       0    53.25    1.52    0.76    N/A
       81920         10240     float    none      -1    65.52    1.25    0.63       0    67.44    1.21    0.61    N/A
       82944         10368     float    none      -1    65.47    1.27    0.63       0    64.30    1.29    0.65    N/A
       83968         10496     float    none      -1    54.30    1.55    0.77       0    51.77    1.62    0.81    N/A
       84992         10624     float    none      -1    56.82    1.50    0.75       0    54.45    1.56    0.78    N/A
       86016         10752     float    none      -1    57.28    1.50    0.75       0    65.34    1.32    0.66    N/A
       87040         10880     float    none      -1    66.34    1.31    0.66       0    68.52    1.27    0.64    N/A
       88064         11008     float    none      -1    68.03    1.29    0.65       0    59.63    1.48    0.74    N/A
       89088         11136     float    none      -1    67.92    1.31    0.66       0    64.97    1.37    0.69    N/A
       90112         11264     float    none      -1    63.75    1.41    0.71       0    54.74    1.65    0.82    N/A
       91136         11392     float    none      -1    53.70    1.70    0.85       0    57.16    1.59    0.80    N/A
       92160         11520     float    none      -1    59.09    1.56    0.78       0    68.30    1.35    0.67    N/A
       93184         11648     float    none      -1    68.67    1.36    0.68       0    70.14    1.33    0.66    N/A
       94208         11776     float    none      -1    61.55    1.53    0.77       0    71.26    1.32    0.66    N/A
       95232         11904     float    none      -1    67.81    1.40    0.70       0    65.90    1.45    0.72    N/A
       96256         12032     float    none      -1    55.11    1.75    0.87       0    54.33    1.77    0.89    N/A
       97280         12160     float    none      -1    60.62    1.60    0.80       0    56.24    1.73    0.86    N/A
       98304         12288     float    none      -1    54.80    1.79    0.90       0    64.16    1.53    0.77    N/A
       99328         12416     float    none      -1    72.78    1.36    0.68       0    69.36    1.43    0.72    N/A
      100352         12544     float    none      -1    55.58    1.81    0.90       0    84.19    1.19    0.60    N/A
      101376         12672     float    none      -1    66.85    1.52    0.76       0    59.49    1.70    0.85    N/A
      102400         12800     float    none      -1    62.80    1.63    0.82       0    53.66    1.91    0.95    N/A
      103424         12928     float    none      -1    58.54    1.77    0.88       0    70.53    1.47    0.73    N/A
      104448         13056     float    none      -1    71.16    1.47    0.73       0    70.69    1.48    0.74    N/A
      105472         13184     float    none      -1    71.71    1.47    0.74       0    73.77    1.43    0.71    N/A
      106496         13312     float    none      -1    69.83    1.52    0.76       0    59.83    1.78    0.89    N/A
      107520         13440     float    none      -1    59.86    1.80    0.90       0    59.31    1.81    0.91    N/A
      108544         13568     float    none      -1    59.14    1.84    0.92       0    59.05    1.84    0.92    N/A
      109568         13696     float    none      -1    76.71    1.43    0.71       0    70.92    1.54    0.77    N/A
      110592         13824     float    none      -1    74.22    1.49    0.75       0    72.21    1.53    0.77    N/A
      111616         13952     float    none      -1    73.88    1.51    0.76       0    70.38    1.59    0.79    N/A
      112640         14080     float    none      -1    64.63    1.74    0.87       0    57.95    1.94    0.97    N/A
      113664         14208     float    none      -1    66.02    1.72    0.86       0    67.96    1.67    0.84    N/A
      114688         14336     float    none      -1    74.58    1.54    0.77       0    73.07    1.57    0.78    N/A
      115712         14464     float    none      -1    65.96    1.75    0.88       0    77.19    1.50    0.75    N/A
      116736         14592     float    none      -1    71.40    1.64    0.82       0    62.02    1.88    0.94    N/A
      117760         14720     float    none      -1    60.79    1.94    0.97       0    60.06    1.96    0.98    N/A
      118784         14848     float    none      -1    60.75    1.96    0.98       0    66.45    1.79    0.89    N/A
      119808         14976     float    none      -1    74.96    1.60    0.80       0    74.88    1.60    0.80    N/A
      120832         15104     float    none      -1    63.61    1.90    0.95       0    74.02    1.63    0.82    N/A
      121856         15232     float    none      -1    72.72    1.68    0.84       0    71.44    1.71    0.85    N/A
      122880         15360     float    none      -1    72.59    1.69    0.85       0    63.06    1.95    0.97    N/A
      123904         15488     float    none      -1    76.62    1.62    0.81       0    82.56    1.50    0.75    N/A
      124928         15616     float    none      -1    78.80    1.59    0.79       0    77.66    1.61    0.80    N/A
      125952         15744     float    none      -1    66.16    1.90    0.95       0    71.22    1.77    0.88    N/A
      126976         15872     float    none      -1    64.01    1.98    0.99       0    65.02    1.95    0.98    N/A
      128000         16000     float    none      -1    65.15    1.96    0.98       0    61.00    2.10    1.05    N/A
      129024         16128     float    none      -1    59.18    2.18    1.09       0    59.54    2.17    1.08    N/A
      130048         16256     float    none      -1    60.53    2.15    1.07       0    60.72    2.14    1.07    N/A
      131072         16384     float    none      -1    57.55    2.28    1.14       0    58.23    2.25    1.13    N/A
      132096         16512     float    none      -1    62.36    2.12    1.06       0    62.49    2.11    1.06    N/A
      133120         16640     float    none      -1    63.34    2.10    1.05       0    62.78    2.12    1.06    N/A
      134144         16768     float    none      -1    63.59    2.11    1.05       0    63.65    2.11    1.05    N/A
      135168         16896     float    none      -1    62.97    2.15    1.07       0    63.11    2.14    1.07    N/A
      136192         17024     float    none      -1    64.12    2.12    1.06       0    62.61    2.18    1.09    N/A
      137216         17152     float    none      -1    62.69    2.19    1.09       0    63.80    2.15    1.08    N/A
      138240         17280     float    none      -1    55.86    2.47    1.24       0    56.17    2.46    1.23    N/A
      139264         17408     float    none      -1    57.03    2.44    1.22       0    56.93    2.45    1.22    N/A
      140288         17536     float    none      -1    58.84    2.38    1.19       0    58.92    2.38    1.19    N/A
      141312         17664     float    none      -1    59.04    2.39    1.20       0    59.12    2.39    1.20    N/A
      142336         17792     float    none      -1    58.67    2.43    1.21       0    58.51    2.43    1.22    N/A
      143360         17920     float    none      -1    59.39    2.41    1.21       0    59.55    2.41    1.20    N/A
      144384         18048     float    none      -1    59.87    2.41    1.21       0    59.07    2.44    1.22    N/A
      145408         18176     float    none      -1    59.22    2.46    1.23       0    59.76    2.43    1.22    N/A
      146432         18304     float    none      -1    59.83    2.45    1.22       0    59.16    2.48    1.24    N/A
      147456         18432     float    none      -1    59.01    2.50    1.25       0    58.03    2.54    1.27    N/A
      148480         18560     float    none      -1    60.12    2.47    1.23       0    59.63    2.49    1.25    N/A
      149504         18688     float    none      -1    60.66    2.46    1.23       0    59.95    2.49    1.25    N/A
      150528         18816     float    none      -1    61.80    2.44    1.22       0    61.32    2.45    1.23    N/A
      151552         18944     float    none      -1    62.94    2.41    1.20       0    61.42    2.47    1.23    N/A
      152576         19072     float    none      -1    61.59    2.48    1.24       0    62.79    2.43    1.21    N/A
      153600         19200     float    none      -1    61.37    2.50    1.25       0    62.45    2.46    1.23    N/A
      154624         19328     float    none      -1   372.08    0.42    0.21       0    61.96    2.50    1.25    N/A
      155648         19456     float    none      -1    61.65    2.52    1.26       0    61.54    2.53    1.26    N/A
      156672         19584     float    none      -1    61.90    2.53    1.27       0    62.73    2.50    1.25    N/A
      157696         19712     float    none      -1    62.31    2.53    1.27       0    62.91    2.51    1.25    N/A
      158720         19840     float    none      -1    62.93    2.52    1.26       0    64.56    2.46    1.23    N/A
      159744         19968     float    none      -1    62.50    2.56    1.28       0    62.39    2.56    1.28    N/A
      160768         20096     float    none      -1    60.91    2.64    1.32       0    60.74    2.65    1.32    N/A
      161792         20224     float    none      -1    60.77    2.66    1.33       0    60.80    2.66    1.33    N/A
      162816         20352     float    none      -1    71.04    2.29    1.15       0    60.82    2.68    1.34    N/A
      163840         20480     float    none      -1    60.96    2.69    1.34       0    60.71    2.70    1.35    N/A
      164864         20608     float    none      -1    62.76    2.63    1.31       0    62.36    2.64    1.32    N/A
      165888         20736     float    none      -1    61.83    2.68    1.34       0    61.87    2.68    1.34    N/A
      166912         20864     float    none      -1    62.14    2.69    1.34       0    62.12    2.69    1.34    N/A
      167936         20992     float    none      -1    64.88    2.59    1.29       0    62.83    2.67    1.34    N/A
      168960         21120     float    none      -1    63.09    2.68    1.34       0    69.21    2.44    1.22    N/A
      169984         21248     float    none      -1    73.18    2.32    1.16       0    72.94    2.33    1.17    N/A
      171008         21376     float    none      -1    62.94    2.72    1.36       0    62.27    2.75    1.37    N/A
      172032         21504     float    none      -1    61.29    2.81    1.40       0    61.62    2.79    1.40    N/A
      173056         21632     float    none      -1    63.15    2.74    1.37       0    63.24    2.74    1.37    N/A
      174080         21760     float    none      -1    72.44    2.40    1.20       0    63.34    2.75    1.37    N/A
      175104         21888     float    none      -1    63.65    2.75    1.38       0    63.03    2.78    1.39    N/A
      176128         22016     float    none      -1    64.12    2.75    1.37       0    63.68    2.77    1.38    N/A
      177152         22144     float    none      -1    64.42    2.75    1.37       0    64.44    2.75    1.37    N/A
      178176         22272     float    none      -1    64.22    2.77    1.39       0    64.26    2.77    1.39    N/A
      179200         22400     float    none      -1    64.69    2.77    1.38       0    65.04    2.76    1.38    N/A
      180224         22528     float    none      -1    62.94    2.86    1.43       0    63.23    2.85    1.43    N/A
      181248         22656     float    none      -1    64.54    2.81    1.40       0    64.30    2.82    1.41    N/A
      182272         22784     float    none      -1    64.95    2.81    1.40       0    64.28    2.84    1.42    N/A
      183296         22912     float    none      -1    64.79    2.83    1.41       0    64.98    2.82    1.41    N/A
      184320         23040     float    none      -1    65.16    2.83    1.41       0    65.17    2.83    1.41    N/A
      185344         23168     float    none      -1    65.34    2.84    1.42       0    65.39    2.83    1.42    N/A
      186368         23296     float    none      -1    65.30    2.85    1.43       0    64.87    2.87    1.44    N/A
      187392         23424     float    none      -1    65.24    2.87    1.44       0    65.07    2.88    1.44    N/A
      188416         23552     float    none      -1    64.67    2.91    1.46       0    64.55    2.92    1.46    N/A
      189440         23680     float    none      -1    65.72    2.88    1.44       0    65.95    2.87    1.44    N/A
      190464         23808     float    none      -1    65.38    2.91    1.46       0    65.64    2.90    1.45    N/A
      191488         23936     float    none      -1    66.43    2.88    1.44       0    66.05    2.90    1.45    N/A
      192512         24064     float    none      -1    66.25    2.91    1.45       0    66.08    2.91    1.46    N/A
      193536         24192     float    none      -1    66.55    2.91    1.45       0    66.79    2.90    1.45    N/A
      194560         24320     float    none      -1    66.45    2.93    1.46       0    66.60    2.92    1.46    N/A
      195584         24448     float    none      -1    66.86    2.93    1.46       0    66.95    2.92    1.46    N/A
      196608         24576     float    none      -1    65.88    2.98    1.49       0    81.65    2.41    1.20    N/A
      197632         24704     float    none      -1    73.74    2.68    1.34       0    75.36    2.62    1.31    N/A
      198656         24832     float    none      -1    77.93    2.55    1.27       0    69.74    2.85    1.42    N/A
      199680         24960     float    none      -1   206.44    0.97    0.48       0    69.92    2.86    1.43    N/A
      200704         25088     float    none      -1   101.96    1.97    0.98       0    72.19    2.78    1.39    N/A
      201728         25216     float    none      -1    70.16    2.88    1.44       0    69.69    2.89    1.45    N/A
      202752         25344     float    none      -1    69.76    2.91    1.45       0    70.14    2.89    1.45    N/A
      203776         25472     float    none      -1    70.13    2.91    1.45       0    70.03    2.91    1.45    N/A
      204800         25600     float    none      -1    70.50    2.91    1.45       0    70.07    2.92    1.46    N/A
      205824         25728     float    none      -1    72.27    2.85    1.42       0    71.72    2.87    1.43    N/A
      206848         25856     float    none      -1    72.50    2.85    1.43       0    71.96    2.87    1.44    N/A
      207872         25984     float    none      -1    72.21    2.88    1.44       0    71.52    2.91    1.45    N/A
      208896         26112     float    none      -1    71.49    2.92    1.46       0    71.97    2.90    1.45    N/A
      209920         26240     float    none      -1    73.51    2.86    1.43       0    72.97    2.88    1.44    N/A
      210944         26368     float    none      -1    73.75    2.86    1.43       0    74.19    2.84    1.42    N/A
      211968         26496     float    none      -1    73.51    2.88    1.44       0    73.32    2.89    1.45    N/A
      212992         26624     float    none      -1    72.51    2.94    1.47       0    72.94    2.92    1.46    N/A
      214016         26752     float    none      -1    73.73    2.90    1.45       0    73.46    2.91    1.46    N/A
      215040         26880     float    none      -1    74.00    2.91    1.45       0    73.84    2.91    1.46    N/A
      216064         27008     float    none      -1    74.11    2.92    1.46       0    74.55    2.90    1.45    N/A
      217088         27136     float    none      -1    74.61    2.91    1.45       0    74.79    2.90    1.45    N/A
      218112         27264     float    none      -1    75.42    2.89    1.45       0    75.65    2.88    1.44    N/A
      219136         27392     float    none      -1    79.68    2.75    1.38       0    84.76    2.59    1.29    N/A
      220160         27520     float    none      -1    93.59    2.35    1.18       0    78.18    2.82    1.41    N/A
      221184         27648     float    none      -1    85.90    2.58    1.29       0    78.19    2.83    1.41    N/A
      222208         27776     float    none      -1    87.65    2.54    1.27       0   102.76    2.16    1.08    N/A
      223232         27904     float    none      -1    81.06    2.75    1.38       0    84.51    2.64    1.32    N/A
      224256         28032     float    none      -1    85.20    2.63    1.32       0    83.35    2.69    1.35    N/A
      225280         28160     float    none      -1    83.86    2.69    1.34       0    76.33    2.95    1.48    N/A
      226304         28288     float    none      -1    82.34    2.75    1.37       0    95.86    2.36    1.18    N/A
      227328         28416     float    none      -1    94.44    2.41    1.20       0    89.95    2.53    1.26    N/A
      228352         28544     float    none      -1    89.73    2.54    1.27       0    89.32    2.56    1.28    N/A
      229376         28672     float    none      -1    89.03    2.58    1.29       0    87.30    2.63    1.31    N/A
      230400         28800     float    none      -1    81.88    2.81    1.41       0    84.08    2.74    1.37    N/A
      231424         28928     float    none      -1    91.93    2.52    1.26       0    91.23    2.54    1.27    N/A
      232448         29056     float    none      -1    95.01    2.45    1.22       0    91.52    2.54    1.27    N/A
      233472         29184     float    none      -1    95.79    2.44    1.22       0    95.77    2.44    1.22    N/A
      234496         29312     float    none      -1    95.94    2.44    1.22       0    90.87    2.58    1.29    N/A
      235520         29440     float    none      -1    98.25    2.40    1.20       0   110.43    2.13    1.07    N/A
      236544         29568     float    none      -1    93.49    2.53    1.27       0    95.95    2.47    1.23    N/A
      237568         29696     float    none      -1   113.00    2.10    1.05       0   107.50    2.21    1.10    N/A
      238592         29824     float    none      -1   109.44    2.18    1.09       0    96.70    2.47    1.23    N/A
      239616         29952     float    none      -1    95.51    2.51    1.25       0   112.09    2.14    1.07    N/A
      240640         30080     float    none      -1   112.06    2.15    1.07       0   105.88    2.27    1.14    N/A
      241664         30208     float    none      -1   116.51    2.07    1.04       0   106.94    2.26    1.13    N/A
      242688         30336     float    none      -1   110.25    2.20    1.10       0   108.34    2.24    1.12    N/A
      243712         30464     float    none      -1   104.49    2.33    1.17       0    93.68    2.60    1.30    N/A
      244736         30592     float    none      -1   133.12    1.84    0.92       0   111.77    2.19    1.09    N/A
      245760         30720     float    none      -1   116.63    2.11    1.05       0    91.68    2.68    1.34    N/A
      246784         30848     float    none      -1    96.74    2.55    1.28       0   111.35    2.22    1.11    N/A
      247808         30976     float    none      -1   112.39    2.20    1.10       0   119.65    2.07    1.04    N/A
      248832         31104     float    none      -1   101.26    2.46    1.23       0   113.12    2.20    1.10    N/A
      249856         31232     float    none      -1   111.94    2.23    1.12       0   114.21    2.19    1.09    N/A
      250880         31360     float    none      -1    95.55    2.63    1.31       0    94.99    2.64    1.32    N/A
      251904         31488     float    none      -1   112.79    2.23    1.12       0   108.44    2.32    1.16    N/A
      252928         31616     float    none      -1   108.76    2.33    1.16       0    98.18    2.58    1.29    N/A
      253952         31744     float    none      -1    98.85    2.57    1.28       0   112.93    2.25    1.12    N/A
      254976         31872     float    none      -1   117.27    2.17    1.09       0   107.44    2.37    1.19    N/A
      256000         32000     float    none      -1   105.10    2.44    1.22       0   105.26    2.43    1.22    N/A
      257024         32128     float    none      -1   113.92    2.26    1.13       0   120.01    2.14    1.07    N/A
      258048         32256     float    none      -1   102.49    2.52    1.26       0   103.72    2.49    1.24    N/A
      259072         32384     float    none      -1   118.00    2.20    1.10       0   107.71    2.41    1.20    N/A
      260096         32512     float    none      -1   129.78    2.00    1.00       0    98.56    2.64    1.32    N/A
      261120         32640     float    none      -1   101.58    2.57    1.29       0   115.86    2.25    1.13    N/A
      262144         32768     float    none      -1   120.13    2.18    1.09       0   118.25    2.22    1.11    N/A
      263168         32896     float    none      -1   108.74    2.42    1.21       0   110.24    2.39    1.19    N/A
      264192         33024     float    none      -1   142.72    1.85    0.93       0   128.27    2.06    1.03    N/A
      265216         33152     float    none      -1   142.33    1.86    0.93       0   117.58    2.26    1.13    N/A
      266240         33280     float    none      -1   107.79    2.47    1.24       0   126.35    2.11    1.05    N/A
      267264         33408     float    none      -1   127.07    2.10    1.05       0   116.95    2.29    1.14    N/A
      268288         33536     float    none      -1   104.22    2.57    1.29       0   135.36    1.98    0.99    N/A
      269312         33664     float    none      -1   111.12    2.42    1.21       0   125.66    2.14    1.07    N/A
      270336         33792     float    none      -1   110.30    2.45    1.23       0   113.20    2.39    1.19    N/A
      271360         33920     float    none      -1   123.72    2.19    1.10       0   121.79    2.23    1.11    N/A
      272384         34048     float    none      -1   123.68    2.20    1.10       0   106.72    2.55    1.28    N/A
      273408         34176     float    none      -1   115.76    2.36    1.18       0   126.42    2.16    1.08    N/A
      274432         34304     float    none      -1   128.20    2.14    1.07       0   116.11    2.36    1.18    N/A
      275456         34432     float    none      -1   111.96    2.46    1.23       0   131.88    2.09    1.04    N/A
      276480         34560     float    none      -1   126.78    2.18    1.09       0   126.12    2.19    1.10    N/A
      277504         34688     float    none      -1   111.33    2.49    1.25       0   112.87    2.46    1.23    N/A
      278528         34816     float    none      -1   126.10    2.21    1.10       0   121.72    2.29    1.14    N/A
      279552         34944     float    none      -1   119.13    2.35    1.17       0   111.28    2.51    1.26    N/A
      280576         35072     float    none      -1   127.16    2.21    1.10       0   128.10    2.19    1.10    N/A
      281600         35200     float    none      -1   124.80    2.26    1.13       0   113.01    2.49    1.25    N/A
      282624         35328     float    none      -1   116.28    2.43    1.22       0   129.48    2.18    1.09    N/A
      283648         35456     float    none      -1   124.87    2.27    1.14       0   113.63    2.50    1.25    N/A
      284672         35584     float    none      -1   111.47    2.55    1.28       0   122.80    2.32    1.16    N/A
      285696         35712     float    none      -1   127.88    2.23    1.12       0   123.04    2.32    1.16    N/A
      286720         35840     float    none      -1   112.07    2.56    1.28       0   120.28    2.38    1.19    N/A
      287744         35968     float    none      -1   128.90    2.23    1.12       0   131.02    2.20    1.10    N/A
      288768         36096     float    none      -1   112.27    2.57    1.29       0   112.23    2.57    1.29    N/A
      289792         36224     float    none      -1   129.50    2.24    1.12       0   125.71    2.31    1.15    N/A
      290816         36352     float    none      -1   131.02    2.22    1.11       0   115.73    2.51    1.26    N/A
      291840         36480     float    none      -1   120.70    2.42    1.21       0   128.05    2.28    1.14    N/A
      292864         36608     float    none      -1   128.68    2.28    1.14       0   118.03    2.48    1.24    N/A
      293888         36736     float    none      -1   115.61    2.54    1.27       0   134.52    2.18    1.09    N/A
      294912         36864     float    none      -1   126.37    2.33    1.17       0   127.17    2.32    1.16    N/A
      295936         36992     float    none      -1   116.56    2.54    1.27       0   121.64    2.43    1.22    N/A
      296960         37120     float    none      -1   133.78    2.22    1.11       0   131.62    2.26    1.13    N/A
      297984         37248     float    none      -1   120.15    2.48    1.24       0   114.91    2.59    1.30    N/A
      299008         37376     float    none      -1   136.96    2.18    1.09       0   127.93    2.34    1.17    N/A
      300032         37504     float    none      -1   141.49    2.12    1.06       0   117.18    2.56    1.28    N/A
      301056         37632     float    none      -1   126.31    2.38    1.19       0   132.97    2.26    1.13    N/A
      302080         37760     float    none      -1   133.63    2.26    1.13       0   116.10    2.60    1.30    N/A
      303104         37888     float    none      -1   118.13    2.57    1.28       0   129.73    2.34    1.17    N/A
      304128         38016     float    none      -1   132.51    2.30    1.15       0   125.31    2.43    1.21    N/A
      305152         38144     float    none      -1   117.24    2.60    1.30       0   121.35    2.51    1.26    N/A
      306176         38272     float    none      -1   134.55    2.28    1.14       0   135.52    2.26    1.13    N/A
      307200         38400     float    none      -1   120.70    2.55    1.27       0   118.87    2.58    1.29    N/A
      308224         38528     float    none      -1   134.76    2.29    1.14       0   136.03    2.27    1.13    N/A
      309248         38656     float    none      -1   133.58    2.32    1.16       0   118.02    2.62    1.31    N/A
      310272         38784     float    none      -1   137.00    2.26    1.13       0   138.79    2.24    1.12    N/A
      311296         38912     float    none      -1   142.21    2.19    1.09       0   119.56    2.60    1.30    N/A
      312320         39040     float    none      -1   121.80    2.56    1.28       0   133.67    2.34    1.17    N/A
      313344         39168     float    none      -1   121.08    2.59    1.29       0   130.30    2.40    1.20    N/A
      314368         39296     float    none      -1   117.75    2.67    1.33       0   139.59    2.25    1.13    N/A
      315392         39424     float    none      -1   135.61    2.33    1.16       0   132.88    2.37    1.19    N/A
      316416         39552     float    none      -1   121.28    2.61    1.30       0   120.95    2.62    1.31    N/A
      317440         39680     float    none      -1   145.93    2.18    1.09       0   132.99    2.39    1.19    N/A
